[2025-11-04 00:04:35] 开始处理新标准服务调用
服务方法: s3112
请求参数: {
  "input": {
    "req_info": [
      {
        "orderId": 204778945,
        "dataCode": "002503070000000",
        "OrderID": 204778945,
        "patientSource": 1,
        "patientId": 4602748,
        "homePageId": "",
        "operationType": "02",
        "treatmentCategory": "D",
        "sno": 1,
        "order_expidate_type ": 1,
        "apply_time": "2025-09-28T08:35:00.000Z",
        "placer_name": "\u7CFB\u7EDF\u7BA1\u7406\u5458",
        "apply_dept_id": 4645,
        "citem_id": 176724,
        "citem_name": "\u80BE\u529F4\u9879",
        "exedept_id": 466,
        "emg_sign": 0,
        "order_drask": "",
        "fee_source": 1,
        "citem_type": "C",
        "parts_name": "\u8840\u6DB2",
        "rmethod_name": "",
        "lspcm_name": "\u8840\u6DB2",
        "citem_id_cj": 14533,
        "citem_name_cj": "\u91C7\u8840\u5BA4\u91C7\u8840",
        "exedept_id_cj": 582,
        "bodyPart": "\u80F8\u90E8",
        "method": "method",
        "rgst_no": "12891999"
      }
    ]
  }
}
处理完成，结果: {"Value":{"ServiceMethod":"s3112","Success":false,"ResultCode":"500","ResultMessage":"\u5904\u7406\u8BF7\u6C42\u5931\u8D25: \u62A5\u544A\u68C0\u67E5\u7ED3\u679C\u4E0A\u4F20\u5931\u8D25: \u8C03\u7528\u68C0\u67E5\u7ED3\u679CAPI\u5931\u8D25: \u7531\u4E8E\u8FDE\u63A5\u65B9\u5728\u4E00\u6BB5\u65F6\u95F4\u540E\u6CA1\u6709\u6B63\u786E\u7B54\u590D\u6216\u8FDE\u63A5\u7684\u4E3B\u673A\u6CA1\u6709\u53CD\u5E94\uFF0C\u8FDE\u63A5\u5C1D\u8BD5\u5931\u8D25\u3002 (10.10.1.46:8077)","Timestamp":"2025-11-04 00:05:36"},"Formatters":[],"ContentTypes":[],"DeclaredType":null,"StatusCode":500}
=========================================================================================================================================
[2025-11-04 00:06:10] 开始处理新标准服务调用
服务方法: s3112
请求参数: {
  "input": {
    "req_info": [
      {
        "orderId": 204778945,
        "dataCode": "002503070000000",
        "OrderID": 204778945,
        "patientSource": 1,
        "patientId": 4602748,
        "homePageId": "",
        "operationType": "02",
        "treatmentCategory": "D",
        "sno": 1,
        "order_expidate_type ": 1,
        "apply_time": "2025-09-28T08:35:00.000Z",
        "placer_name": "\u7CFB\u7EDF\u7BA1\u7406\u5458",
        "apply_dept_id": 4645,
        "citem_id": 176724,
        "citem_name": "\u80BE\u529F4\u9879",
        "exedept_id": 466,
        "emg_sign": 0,
        "order_drask": "",
        "fee_source": 1,
        "citem_type": "D",
        "parts_name": "\u8840\u6DB2",
        "rmethod_name": "",
        "lspcm_name": "\u8840\u6DB2",
        "citem_id_cj": 14533,
        "citem_name_cj": "\u91C7\u8840\u5BA4\u91C7\u8840",
        "exedept_id_cj": 582,
        "bodyPart": "\u80F8\u90E8",
        "method": "method",
        "rgst_no": "12891999"
      }
    ]
  }
}
处理完成，结果: {"Value":{"ServiceMethod":"s3112","Success":false,"ResultCode":"500","ResultMessage":"\u5904\u7406\u8BF7\u6C42\u5931\u8D25: \u62A5\u544A\u68C0\u67E5\u7ED3\u679C\u4E0A\u4F20\u5931\u8D25: \u8C03\u7528\u68C0\u67E5\u7ED3\u679CAPI\u5931\u8D25: \u7531\u4E8E\u8FDE\u63A5\u65B9\u5728\u4E00\u6BB5\u65F6\u95F4\u540E\u6CA1\u6709\u6B63\u786E\u7B54\u590D\u6216\u8FDE\u63A5\u7684\u4E3B\u673A\u6CA1\u6709\u53CD\u5E94\uFF0C\u8FDE\u63A5\u5C1D\u8BD5\u5931\u8D25\u3002 (10.10.1.46:8077)","Timestamp":"2025-11-04 00:07:52"},"Formatters":[],"ContentTypes":[],"DeclaredType":null,"StatusCode":500}
=========================================================================================================================================
[2025-11-04 00:49:36] 开始处理新标准服务调用
服务方法: s3112
请求参数: {
  "input": {
    "req_info": [
      {
        "orderId": 206598579,
        "dataCode": "210300002T01001",
        "OrderID": 206598579,
        "pat_visit_type": 1,
        "patientId": 4602748,
        "homePageId": "",
        "operationType": "02",
        "treatmentCategory": "D",
        "sno": 124,
        "order_expidate_type ": 1,
        "apply_time": "2025-11-03T16:21:00.000Z",
        "placer_name": "\u7CFB\u7EDF\u7BA1\u7406\u5458",
        "apply_dept_id": 518,
        "citem_id": 253213,
        "citem_name": "CT\u68C0\u67E5\uFF08\u6765\u5BBEHR\uFF09",
        "exedept_id": 467,
        "emg_sign": 0,
        "order_drask": "",
        "fee_source": 1,
        "citem_type": "D",
        "parts_name": "\u9F3B\u54BD\u90E8-",
        "rmethod_name": "\u5E73\u626B",
        "lspcm_name": "\u9F3B\u54BD\u90E8-",
        "rgst_no": "25000881787",
        "dg1_info": null,
        "bodyPart": "\u9F3B\u54BD\u90E8-",
        "method": "\u5E73\u626B",
        "citem_id_cj": 253213,
        "citem_name_cj": "CT\u68C0\u67E5\uFF08\u6765\u5BBEHR\uFF09",
        "exedept_id_cj": 467
      }
    ]
  }
}
处理完成，结果: {"Value":{"ServiceMethod":"s3112","Success":false,"ResultCode":"500","ResultMessage":"\u5904\u7406\u8BF7\u6C42\u5931\u8D25: \u62A5\u544A\u68C0\u67E5\u7ED3\u679C\u4E0A\u4F20\u5931\u8D25: \u8C03\u7528\u68C0\u67E5\u7ED3\u679CAPI\u5931\u8D25: \u7531\u4E8E\u8FDE\u63A5\u65B9\u5728\u4E00\u6BB5\u65F6\u95F4\u540E\u6CA1\u6709\u6B63\u786E\u7B54\u590D\u6216\u8FDE\u63A5\u7684\u4E3B\u673A\u6CA1\u6709\u53CD\u5E94\uFF0C\u8FDE\u63A5\u5C1D\u8BD5\u5931\u8D25\u3002 (10.10.1.46:8077)","Timestamp":"2025-11-04 00:50:01"},"Formatters":[],"ContentTypes":[],"DeclaredType":null,"StatusCode":500}
=========================================================================================================================================
[2025-11-04 10:20:11] 开始处理新标准服务调用
服务方法: S3112
请求参数: {
  "input": {
    "req_info": [
      {
        "orderId": 206598579,
        "dataCode": "210300002T01001",
        "OrderID": 206598579,
        "pat_visit_type": 1,
        "patientId": 4602748,
        "homePageId": "",
        "operationType": "02",
        "treatmentCategory": "D",
        "sno": 124,
        "order_expidate_type ": 1,
        "apply_time": "2025-11-03T16:21:00.000Z",
        "placer_name": "\u7CFB\u7EDF\u7BA1\u7406\u5458",
        "apply_dept_id": 518,
        "citem_id": 253213,
        "citem_name": "CT\u68C0\u67E5\uFF08\u6765\u5BBEHR\uFF09",
        "exedept_id": 467,
        "emg_sign": 0,
        "order_drask": "",
        "fee_source": 1,
        "citem_type": "D",
        "parts_name": "\u9F3B\u54BD\u90E8-",
        "rmethod_name": "\u5E73\u626B",
        "lspcm_name": "\u9F3B\u54BD\u90E8-",
        "rgst_no": "25000881787",
        "dg1_info": null,
        "bodyPart": "\u9F3B\u54BD\u90E8-",
        "method": "\u5E73\u626B",
        "citem_id_cj": 253213,
        "citem_name_cj": "CT\u68C0\u67E5\uFF08\u6765\u5BBEHR\uFF09",
        "exedept_id_cj": 467
      }
    ]
  }
}
处理完成，结果: {"Value":{"ServiceMethod":"S3112","Success":false,"ResultCode":"500","ResultMessage":"\u5904\u7406\u8BF7\u6C42\u5931\u8D25: \u62A5\u544A\u68C0\u67E5\u7ED3\u679C\u4E0A\u4F20\u5931\u8D25: \u8C03\u7528\u68C0\u67E5\u7ED3\u679CAPI\u5931\u8D25: \u7531\u4E8E\u8FDE\u63A5\u65B9\u5728\u4E00\u6BB5\u65F6\u95F4\u540E\u6CA1\u6709\u6B63\u786E\u7B54\u590D\u6216\u8FDE\u63A5\u7684\u4E3B\u673A\u6CA1\u6709\u53CD\u5E94\uFF0C\u8FDE\u63A5\u5C1D\u8BD5\u5931\u8D25\u3002 (10.10.1.46:8077)","Timestamp":"2025-11-04 10:32:57"},"Formatters":[],"ContentTypes":[],"DeclaredType":null,"StatusCode":500}
=========================================================================================================================================
