[2025-11-07 23:41:38] 开始处理新标准服务调用
服务方法: S3112
请求参数: {
  "input": {
    "req_info": [
      {
        "orderId": 206249899,
        "dataCode": "002501010150000",
        "OrderID": 206249899,
        "pat_visit_type": 1,
        "patientId": 4602748,
        "homePageId": "",
        "operationType": "02",
        "treatmentCategory": "C",
        "sno": 1,
        "order_expidate_type ": 1,
        "apply_time": "2025-11-06T09:06:00.000Z",
        "placer_name": "\u7CFB\u7EDF\u7BA1\u7406\u5458",
        "apply_dept_id": 518,
        "citem_id": "259015",
        "citem_name": "(\u9662\u5916\u7ED3\u679C\u4E92\u8BA4\u9879)\u5168\u8840\u7EC6\u80DE\u8BA1\u6570\u002B\u4E94\u5206\u7C7B\u68C0\u6D4B",
        "exedept_id": "466",
        "emg_sign": 0,
        "order_drask": "",
        "fee_source": 1,
        "citem_type": "C",
        "parts_name": "\u8840\u6DB2",
        "rmethod_name": "",
        "lspcm_name": "\u8840\u6DB2",
        "rgst_no": "25000881787",
        "dg1_info": "1\u003CSPCOLS\u003E\u5934\u75DB\u003CSPCOLS\u003E\u003CSPCOLS\u003ER51.x00\u003CSPCOLS\u003E0\u003CSPCOLS\u003E151076",
        "citem_id_cj": 100162,
        "citem_name_cj": "\u68C0\u9A8C\u79D1\u91C7\u96C6",
        "exedept_id_cj": 466
      }
    ]
  }
}
处理完成，结果: {"Value":{"ServiceMethod":"S3112","Success":false,"ResultCode":"500","ResultMessage":"\u5904\u7406\u8BF7\u6C42\u5931\u8D25: \u62A5\u544A\u68C0\u67E5\u7ED3\u679C\u4E0A\u4F20\u5931\u8D25: \u6784\u5EFA\u68C0\u67E5\u7ED3\u679C\u8BF7\u6C42\u6570\u636E\u5931\u8D25: The JSON value could not be converted to System.Nullable\u00601[System.Int32]. Path: $[0].exedept_id | LineNumber: 17 | BytePositionInLine: 27.","Timestamp":"2025-11-07 23:41:39"},"Formatters":[],"ContentTypes":[],"DeclaredType":null,"StatusCode":500}
=========================================================================================================================================
[2025-11-07 23:44:16] 开始处理新标准服务调用
服务方法: S3112
请求参数: {
  "input": {
    "req_info": [
      {
        "orderId": 206249899,
        "dataCode": "002501010150000",
        "OrderID": 206249899,
        "pat_visit_type": 1,
        "patientId": 4602748,
        "homePageId": "",
        "operationType": "02",
        "treatmentCategory": "C",
        "sno": 1,
        "order_expidate_type ": 1,
        "apply_time": "2025-11-06T09:06:00.000Z",
        "placer_name": "\u7CFB\u7EDF\u7BA1\u7406\u5458",
        "apply_dept_id": 518,
        "citem_id": "259015",
        "citem_name": "(\u9662\u5916\u7ED3\u679C\u4E92\u8BA4\u9879)\u5168\u8840\u7EC6\u80DE\u8BA1\u6570\u002B\u4E94\u5206\u7C7B\u68C0\u6D4B",
        "exedept_id": "466",
        "emg_sign": 0,
        "order_drask": "",
        "fee_source": 1,
        "citem_type": "C",
        "parts_name": "\u8840\u6DB2",
        "rmethod_name": "",
        "lspcm_name": "\u8840\u6DB2",
        "rgst_no": "25000881787",
        "dg1_info": "1\u003CSPCOLS\u003E\u5934\u75DB\u003CSPCOLS\u003E\u003CSPCOLS\u003ER51.x00\u003CSPCOLS\u003E0\u003CSPCOLS\u003E151076",
        "citem_id_cj": 100162,
        "citem_name_cj": "\u68C0\u9A8C\u79D1\u91C7\u96C6",
        "exedept_id_cj": 466
      }
    ]
  }
}
处理完成，结果: {"Value":{"ServiceMethod":"S3112","Success":false,"ResultCode":"500","ResultMessage":"\u5904\u7406\u8BF7\u6C42\u5931\u8D25: \u62A5\u544A\u68C0\u67E5\u7ED3\u679C\u4E0A\u4F20\u5931\u8D25: \u6784\u5EFA\u68C0\u67E5\u7ED3\u679C\u8BF7\u6C42\u6570\u636E\u5931\u8D25: The JSON value could not be converted to System.Nullable\u00601[System.Int32]. Path: $[0].exedept_id | LineNumber: 17 | BytePositionInLine: 27.","Timestamp":"2025-11-07 23:44:19"},"Formatters":[],"ContentTypes":[],"DeclaredType":null,"StatusCode":500}
=========================================================================================================================================
[2025-11-07 23:44:45] 开始处理新标准服务调用
服务方法: S3112
请求参数: {
  "input": {
    "req_info": [
      {
        "orderId": 206249899,
        "dataCode": "002501010150000",
        "OrderID": 206249899,
        "pat_visit_type": 1,
        "patientId": 4602748,
        "homePageId": "",
        "operationType": "02",
        "treatmentCategory": "C",
        "sno": 1,
        "order_expidate_type ": 1,
        "apply_time": "2025-11-06T09:06:00.000Z",
        "placer_name": "\u7CFB\u7EDF\u7BA1\u7406\u5458",
        "apply_dept_id": 518,
        "citem_id": "259015",
        "citem_name": "(\u9662\u5916\u7ED3\u679C\u4E92\u8BA4\u9879)\u5168\u8840\u7EC6\u80DE\u8BA1\u6570\u002B\u4E94\u5206\u7C7B\u68C0\u6D4B",
        "exedept_id": "466",
        "emg_sign": 0,
        "order_drask": "",
        "fee_source": 1,
        "citem_type": "C",
        "parts_name": "\u8840\u6DB2",
        "rmethod_name": "",
        "lspcm_name": "\u8840\u6DB2",
        "rgst_no": "25000881787",
        "dg1_info": "1\u003CSPCOLS\u003E\u5934\u75DB\u003CSPCOLS\u003E\u003CSPCOLS\u003ER51.x00\u003CSPCOLS\u003E0\u003CSPCOLS\u003E151076",
        "citem_id_cj": 100162,
        "citem_name_cj": "\u68C0\u9A8C\u79D1\u91C7\u96C6",
        "exedept_id_cj": 466
      }
    ]
  }
}
处理完成，结果: {"Value":{"ServiceMethod":"S3112","Success":false,"ResultCode":"500","ResultMessage":"\u5904\u7406\u8BF7\u6C42\u5931\u8D25: \u62A5\u544A\u68C0\u67E5\u7ED3\u679C\u4E0A\u4F20\u5931\u8D25: \u6784\u5EFA\u68C0\u67E5\u7ED3\u679C\u8BF7\u6C42\u6570\u636E\u5931\u8D25: The JSON value could not be converted to System.Nullable\u00601[System.Int32]. Path: $[0].exedept_id | LineNumber: 17 | BytePositionInLine: 27.","Timestamp":"2025-11-07 23:44:50"},"Formatters":[],"ContentTypes":[],"DeclaredType":null,"StatusCode":500}
=========================================================================================================================================
[2025-11-07 23:45:30] 开始处理新标准服务调用
服务方法: S3112
请求参数: {
  "input": {
    "req_info": [
      {
        "orderId": 206249899,
        "dataCode": "002501010150000",
        "OrderID": 206249899,
        "pat_visit_type": 1,
        "patientId": 4602748,
        "homePageId": "",
        "operationType": "02",
        "treatmentCategory": "C",
        "sno": 1,
        "order_expidate_type ": 1,
        "apply_time": "2025-11-06T09:06:00.000Z",
        "placer_name": "\u7CFB\u7EDF\u7BA1\u7406\u5458",
        "apply_dept_id": 518,
        "citem_id": "259015",
        "citem_name": "(\u9662\u5916\u7ED3\u679C\u4E92\u8BA4\u9879)\u5168\u8840\u7EC6\u80DE\u8BA1\u6570\u002B\u4E94\u5206\u7C7B\u68C0\u6D4B",
        "exedept_id": 466,
        "emg_sign": 0,
        "order_drask": "",
        "fee_source": 1,
        "citem_type": "C",
        "parts_name": "\u8840\u6DB2",
        "rmethod_name": "",
        "lspcm_name": "\u8840\u6DB2",
        "rgst_no": "25000881787",
        "dg1_info": "1\u003CSPCOLS\u003E\u5934\u75DB\u003CSPCOLS\u003E\u003CSPCOLS\u003ER51.x00\u003CSPCOLS\u003E0\u003CSPCOLS\u003E151076",
        "citem_id_cj": 100162,
        "citem_name_cj": "\u68C0\u9A8C\u79D1\u91C7\u96C6",
        "exedept_id_cj": 466
      }
    ]
  }
}
处理完成，结果: {"Value":{"ServiceMethod":"S3112","Success":false,"ResultCode":"500","ResultMessage":"\u5904\u7406\u8BF7\u6C42\u5931\u8D25: \u62A5\u544A\u68C0\u67E5\u7ED3\u679C\u4E0A\u4F20\u5931\u8D25: \u8C03\u7528\u68C0\u67E5\u7ED3\u679CAPI\u5931\u8D25: \u7531\u4E8E\u8FDE\u63A5\u65B9\u5728\u4E00\u6BB5\u65F6\u95F4\u540E\u6CA1\u6709\u6B63\u786E\u7B54\u590D\u6216\u8FDE\u63A5\u7684\u4E3B\u673A\u6CA1\u6709\u53CD\u5E94\uFF0C\u8FDE\u63A5\u5C1D\u8BD5\u5931\u8D25\u3002 (10.10.1.46:8077)","Timestamp":"2025-11-07 23:45:53"},"Formatters":[],"ContentTypes":[],"DeclaredType":null,"StatusCode":500}
=========================================================================================================================================
[2025-11-07 23:46:42] 开始处理新标准服务调用
服务方法: S3112
请求参数: {
  "input": {
    "req_info": [
      {
        "orderId": 99721911,
        "dataCode": "002501010150000",
        "OrderID": 99721911,
        "pat_visit_type": 1,
        "patientId": 1182207,
        "homePageId": "",
        "operationType": "02",
        "treatmentCategory": "C",
        "sno": 1,
        "order_expidate_type ": 1,
        "apply_time": "2025-11-07T01:45:00.000Z",
        "placer_name": "\u4E2D\u8054",
        "apply_dept_id": 4134,
        "citem_id": 4828,
        "citem_name": "\u5168\u8840\u7EC6\u80DE\u8BA1\u6570\u002B\u4E94\u5206\u7C7B",
        "exedept_id": 101,
        "emg_sign": 0,
        "order_drask": "",
        "fee_source": 1,
        "citem_type": "C",
        "parts_name": "\u9759\u8109\u8840",
        "rmethod_name": "",
        "lspcm_name": "\u9759\u8109\u8840",
        "rgst_no": "25000397876",
        "dg1_info": "1\u003CSPCOLS\u003E\u54B3\u55FD\u75C5\u003CSPCOLS\u003E\u003CSPCOLS\u003EBNF010\u003CSPCOLS\u003E0\u003CSPCOLS\u003E40158",
        "citem_id_cj": 151351,
        "citem_name_cj": "\u79D1\u5BA4\u91C7\u96C6(\u95E8\u8BCA)",
        "exedept_id_cj": 3432
      }
    ]
  }
}
处理完成，结果: {"Value":{"ServiceMethod":"S3112","Success":false,"ResultCode":"500","ResultMessage":"\u5904\u7406\u8BF7\u6C42\u5931\u8D25: \u62A5\u544A\u68C0\u67E5\u7ED3\u679C\u4E0A\u4F20\u5931\u8D25: \u8C03\u7528\u68C0\u67E5\u7ED3\u679CAPI\u5931\u8D25: \u7531\u4E8E\u8FDE\u63A5\u65B9\u5728\u4E00\u6BB5\u65F6\u95F4\u540E\u6CA1\u6709\u6B63\u786E\u7B54\u590D\u6216\u8FDE\u63A5\u7684\u4E3B\u673A\u6CA1\u6709\u53CD\u5E94\uFF0C\u8FDE\u63A5\u5C1D\u8BD5\u5931\u8D25\u3002 (10.10.1.46:8077)","Timestamp":"2025-11-07 23:47:09"},"Formatters":[],"ContentTypes":[],"DeclaredType":null,"StatusCode":500}
=========================================================================================================================================
