[2025-10-15 09:39:41] 开始处理新标准服务调用
服务方法: S3112
请求参数: {
  "input": {
    "req_info": [
      {
        "orderId": 204778945,
        "dataCode": "002503070000000",
        "OrderID": 204778945,
        "patientSource": 1,
        "patientId": 4602748,
        "homePageId": "",
        "operationType": "02",
        "treatmentCategory": "C",
        "sno": 1,
        "order_expidate_type ": 1,
        "apply_time": "2025-09-28T08:35:00.000Z",
        "placer_name": "\u7CFB\u7EDF\u7BA1\u7406\u5458",
        "apply_dept_id": 4645,
        "citem_id": 176724,
        "citem_name": "\u80BE\u529F4\u9879",
        "exedept_id": 466,
        "emg_sign": 0,
        "order_drask": "",
        "fee_source": 1,
        "citem_type": "C",
        "parts_name": "\u8840\u6DB2",
        "rmethod_name": "",
        "lspcm_name": "\u8840\u6DB2",
        "citem_id_cj": 14533,
        "citem_name_cj": "\u91C7\u8840\u5BA4\u91C7\u8840",
        "exedept_id_cj": 582
      }
    ]
  }
}
错误: 处理订单信息失败: 报告检查结果上传失败: 调用检查结果API失败: 由于连接方在一段时间后没有正确答复或连接的主机没有反应，连接尝试失败。 (10.10.1.46:8077)
堆栈:    at MedicalReportSystem.Controllers.PersonController.S3112(JsonElement requestJson) in E:\MedicalReportSystem\MedicalReportSystem\Controllers\PersonController.cs:line 1245
   at MedicalReportSystem.Controllers.PersonController.CallNewStandardService(String serviceMethod, JsonElement requestJson) in E:\MedicalReportSystem\MedicalReportSystem\Controllers\PersonController.cs:line 1158
[2025-10-15 10:41:38] 开始处理新标准服务调用
服务方法: S3112
请求参数: {
  "input": {
    "req_info": [
      {
        "orderId": 204778945,
        "dataCode": "002503070000000",
        "OrderID": 204778945,
        "patientSource": 1,
        "patientId": 4602748,
        "homePageId": "",
        "operationType": "02",
        "treatmentCategory": "C",
        "sno": 1,
        "order_expidate_type ": 1,
        "apply_time": "2025-09-28T08:35:00.000Z",
        "placer_name": "\u7CFB\u7EDF\u7BA1\u7406\u5458",
        "apply_dept_id": 4645,
        "citem_id": 176724,
        "citem_name": "\u80BE\u529F4\u9879",
        "exedept_id": 466,
        "emg_sign": 0,
        "order_drask": "",
        "fee_source": 1,
        "citem_type": "C",
        "parts_name": "\u8840\u6DB2",
        "rmethod_name": "",
        "lspcm_name": "\u8840\u6DB2",
        "citem_id_cj": 14533,
        "citem_name_cj": "\u91C7\u8840\u5BA4\u91C7\u8840",
        "exedept_id_cj": 582
      }
    ]
  }
}
错误: 处理订单信息失败: 报告检查结果上传失败: 调用检查结果API失败: 由于连接方在一段时间后没有正确答复或连接的主机没有反应，连接尝试失败。 (10.10.1.46:8077)
堆栈:    at MedicalReportSystem.Controllers.PersonController.S3112(JsonElement requestJson) in E:\MedicalReportSystem\MedicalReportSystem\Controllers\PersonController.cs:line 1245
   at MedicalReportSystem.Controllers.PersonController.CallNewStandardService(String serviceMethod, JsonElement requestJson) in E:\MedicalReportSystem\MedicalReportSystem\Controllers\PersonController.cs:line 1158
[2025-10-15 11:06:36] 开始处理新标准服务调用
服务方法: S3112
请求参数: {
  "input": {
    "req_info": [
      {
        "orderId": 204778945,
        "dataCode": "002503070000000",
        "OrderID": 204778945,
        "patientSource": 1,
        "patientId": 4602748,
        "homePageId": "",
        "operationType": "02",
        "treatmentCategory": "C",
        "sno": 1,
        "order_expidate_type ": 1,
        "apply_time": "2025-09-28T08:35:00.000Z",
        "placer_name": "\u7CFB\u7EDF\u7BA1\u7406\u5458",
        "apply_dept_id": 4645,
        "citem_id": 176724,
        "citem_name": "\u80BE\u529F4\u9879",
        "exedept_id": 466,
        "emg_sign": 0,
        "order_drask": "",
        "fee_source": 1,
        "citem_type": "C",
        "parts_name": "\u8840\u6DB2",
        "rmethod_name": "",
        "lspcm_name": "\u8840\u6DB2",
        "citem_id_cj": 14533,
        "citem_name_cj": "\u91C7\u8840\u5BA4\u91C7\u8840",
        "exedept_id_cj": 582
      }
    ]
  }
}
错误: 处理订单信息失败: 报告检查结果上传失败: 调用检查结果API失败: 由于连接方在一段时间后没有正确答复或连接的主机没有反应，连接尝试失败。 (10.10.1.46:8077)
堆栈:    at MedicalReportSystem.Controllers.PersonController.S3112(JsonElement requestJson)
   at MedicalReportSystem.Controllers.PersonController.CallNewStandardService(String serviceMethod, JsonElement requestJson)
[2025-10-15 14:35:56] 开始处理新标准服务调用
服务方法: s3112
请求参数: {
  "input": {
    "req_info": [
      {
        "orderId": 204778945,
        "dataCode": "002503070000000",
        "OrderID": 204778945,
        "patientSource": 1,
        "patientId": 4602748,
        "homePageId": "",
        "operationType": "02",
        "treatmentCategory": "C",
        "sno": 1,
        "order_expidate_type ": 1,
        "apply_time": "2025-09-28T08:35:00.000Z",
        "placer_name": "\u7CFB\u7EDF\u7BA1\u7406\u5458",
        "apply_dept_id": 4645,
        "citem_id": 176724,
        "citem_name": "\u80BE\u529F4\u9879",
        "exedept_id": 466,
        "emg_sign": 0,
        "order_drask": "",
        "fee_source": 1,
        "citem_type": "C",
        "parts_name": "\u8840\u6DB2",
        "rmethod_name": "",
        "lspcm_name": "\u8840\u6DB2",
        "citem_id_cj": 14533,
        "citem_name_cj": "\u91C7\u8840\u5BA4\u91C7\u8840",
        "exedept_id_cj": 582
      }
    ]
  }
}
错误: 处理订单信息失败: 报告检查结果上传失败: 调用检查结果API失败: 由于连接方在一段时间后没有正确答复或连接的主机没有反应，连接尝试失败。 (10.10.1.46:8077)
堆栈:    at MedicalReportSystem.Controllers.PersonController.S3112(JsonElement requestJson) in E:\MedicalReportSystem\MedicalReportSystem\Controllers\PersonController.cs:line 1245
   at MedicalReportSystem.Controllers.PersonController.CallNewStandardService(String serviceMethod, JsonElement requestJson) in E:\MedicalReportSystem\MedicalReportSystem\Controllers\PersonController.cs:line 1158
[2025-10-15 15:13:59] 开始处理新标准服务调用
服务方法: S3112
请求参数: {
  "input": {
    "req_info": [
      {
        "orderId": 204778945,
        "dataCode": "002503070000000",
        "OrderID": 204778945,
        "patientSource": 1,
        "patientId": 4602748,
        "homePageId": "",
        "operationType": "02",
        "treatmentCategory": "C",
        "sno": 1,
        "order_expidate_type ": 1,
        "apply_time": "2025-09-28T08:35:00.000Z",
        "placer_name": "\u7CFB\u7EDF\u7BA1\u7406\u5458",
        "apply_dept_id": 4645,
        "citem_id": 176724,
        "citem_name": "\u80BE\u529F4\u9879",
        "exedept_id": 466,
        "emg_sign": 0,
        "order_drask": "",
        "fee_source": 1,
        "citem_type": "C",
        "parts_name": "\u8840\u6DB2",
        "rmethod_name": "",
        "lspcm_name": "\u8840\u6DB2",
        "citem_id_cj": 14533,
        "citem_name_cj": "\u91C7\u8840\u5BA4\u91C7\u8840",
        "exedept_id_cj": 582
      }
    ]
  }
}
错误: 处理订单信息失败: 报告检查结果上传失败: 调用检查结果API失败: 由于连接方在一段时间后没有正确答复或连接的主机没有反应，连接尝试失败。 (10.10.1.46:8077)
堆栈:    at MedicalReportSystem.Controllers.PersonController.S3112(JsonElement requestJson) in E:\MedicalReportSystem\MedicalReportSystem\Controllers\PersonController.cs:line 1245
   at MedicalReportSystem.Controllers.PersonController.CallNewStandardService(String serviceMethod, JsonElement requestJson) in E:\MedicalReportSystem\MedicalReportSystem\Controllers\PersonController.cs:line 1158
