[2025-10-22 15:09:21] 开始处理新标准服务调用
服务方法: S4024
请求参数: {
  "input": {
    "req_info": [
      {
        "orderId": 205658417,
        "dataCode": "002501010150000",
        "OrderID": 205658417,
        "pat_visit_type": 1,
        "patientId": 4602748,
        "homePageId": "",
        "operationType": "02",
        "treatmentCategory": "C",
        "sno": 1,
        "order_expidate_type ": 1,
        "apply_time": "2025-10-20T07:03:00.000Z",
        "placer_name": "\u7CFB\u7EDF\u7BA1\u7406\u5458",
        "apply_dept_id": 518,
        "citem_id": 259015,
        "citem_name": "(\u9662\u5916\u7ED3\u679C\u4E92\u8BA4\u9879\u76EE)\u5168\u8840\u7EC6\u80DE\u8BA1\u6570\u002B\u4E94\u5206\u7C7B\u68C0\u6D4B",
        "exedept_id": 466,
        "emg_sign": 0,
        "order_drask": "",
        "fee_source": 1,
        "citem_type": "C",
        "parts_name": "\u8840\u6DB2",
        "rmethod_name": "",
        "lspcm_name": "\u8840\u6DB2",
        "rgst_no": 25000843379,
        "citem_id_cj": 14533,
        "citem_name_cj": "\u91C7\u8840\u5BA4\u91C7\u8840",
        "exedept_id_cj": 582
      }
    ]
  }
}
错误: 不支持的服务方法: S4024
堆栈:    at MedicalReportSystem.Controllers.PersonController.CallNewStandardService(String serviceMethod, JsonElement requestJson) in E:\MedicalReportSystem\MedicalReportSystem\Controllers\PersonController.cs:line 1378
[2025-10-22 15:12:29] 开始处理新标准服务调用
服务方法: s4024
请求参数: {
  "input": {
    "req_info": [
      {
        "orderId": 205658417,
        "dataCode": "002501010150000",
        "OrderID": 205658417,
        "pat_visit_type": 1,
        "patientId": 4602748,
        "homePageId": "",
        "operationType": "02",
        "treatmentCategory": "C",
        "sno": 1,
        "order_expidate_type ": 1,
        "apply_time": "2025-10-20T07:03:00.000Z",
        "placer_name": "\u7CFB\u7EDF\u7BA1\u7406\u5458",
        "apply_dept_id": 518,
        "citem_id": 259015,
        "citem_name": "(\u9662\u5916\u7ED3\u679C\u4E92\u8BA4\u9879\u76EE)\u5168\u8840\u7EC6\u80DE\u8BA1\u6570\u002B\u4E94\u5206\u7C7B\u68C0\u6D4B",
        "exedept_id": 466,
        "emg_sign": 0,
        "order_drask": "",
        "fee_source": 1,
        "citem_type": "C",
        "parts_name": "\u8840\u6DB2",
        "rmethod_name": "",
        "lspcm_name": "\u8840\u6DB2",
        "rgst_no": 25000843379,
        "citem_id_cj": 14533,
        "citem_name_cj": "\u91C7\u8840\u5BA4\u91C7\u8840",
        "exedept_id_cj": 582
      }
    ]
  }
}
错误: 不支持的服务方法: s4024
堆栈:    at MedicalReportSystem.Controllers.PersonController.CallNewStandardService(String serviceMethod, JsonElement requestJson) in E:\MedicalReportSystem\MedicalReportSystem\Controllers\PersonController.cs:line 1378
[2025-10-22 15:12:51] 开始处理新标准服务调用
服务方法: s4024
请求参数: {
  "input": {
    "req_info": [
      {
        "orderId": 205658417,
        "dataCode": "002501010150000",
        "OrderID": 205658417,
        "pat_visit_type": 1,
        "patientId": 4602748,
        "homePageId": "",
        "operationType": "02",
        "treatmentCategory": "C",
        "sno": 1,
        "order_expidate_type ": 1,
        "apply_time": "2025-10-20T07:03:00.000Z",
        "placer_name": "\u7CFB\u7EDF\u7BA1\u7406\u5458",
        "apply_dept_id": 518,
        "citem_id": 259015,
        "citem_name": "(\u9662\u5916\u7ED3\u679C\u4E92\u8BA4\u9879\u76EE)\u5168\u8840\u7EC6\u80DE\u8BA1\u6570\u002B\u4E94\u5206\u7C7B\u68C0\u6D4B",
        "exedept_id": 466,
        "emg_sign": 0,
        "order_drask": "",
        "fee_source": 1,
        "citem_type": "C",
        "parts_name": "\u8840\u6DB2",
        "rmethod_name": "",
        "lspcm_name": "\u8840\u6DB2",
        "rgst_no": 25000843379,
        "citem_id_cj": 14533,
        "citem_name_cj": "\u91C7\u8840\u5BA4\u91C7\u8840",
        "exedept_id_cj": 582
      }
    ]
  }
}
[2025-10-22 15:14:17] 开始处理新标准服务调用
服务方法: S4024
请求参数: {
  "input": {
    "req_info": [
      {
        "orderId": 205658417,
        "dataCode": "002501010150000",
        "OrderID": 205658417,
        "pat_visit_type": 1,
        "patientId": 4602748,
        "homePageId": "",
        "operationType": "02",
        "treatmentCategory": "C",
        "sno": 1,
        "order_expidate_type ": 1,
        "apply_time": "2025-10-20T07:03:00.000Z",
        "placer_name": "\u7CFB\u7EDF\u7BA1\u7406\u5458",
        "apply_dept_id": 518,
        "citem_id": 259015,
        "citem_name": "(\u9662\u5916\u7ED3\u679C\u4E92\u8BA4\u9879\u76EE)\u5168\u8840\u7EC6\u80DE\u8BA1\u6570\u002B\u4E94\u5206\u7C7B\u68C0\u6D4B",
        "exedept_id": 466,
        "emg_sign": 0,
        "order_drask": "",
        "fee_source": 1,
        "citem_type": "C",
        "parts_name": "\u8840\u6DB2",
        "rmethod_name": "",
        "lspcm_name": "\u8840\u6DB2",
        "rgst_no": 25000843379,
        "citem_id_cj": 14533,
        "citem_name_cj": "\u91C7\u8840\u5BA4\u91C7\u8840",
        "exedept_id_cj": 582
      }
    ]
  }
}
