[2025-10-28 23:34:33] 开始S4010操作
申请单ID: 12323
reportData条数: 2
附加信息JSON: {"input":{"ack_info":{"exe_status":"A","err_msg":""},"apply_info":[{"apply_id":"206296337,206296338","spcm_bc_no":"860206296337","pid":"4602748","outpno":"2505150066","pat_name":"\u5362\u5FD7\u8FDC","pat_sex":"\u7537","pat_age":"70\u5C81","apply_dept_id":"518","apply_dept_name":"\u76AE\u80A4\u79D1","exedept_id":"466","exedept_name":"\u533B\u5B66\u68C0\u9A8C\u79D1","order_content":"(\u9662\u5916\u7ED3\u679C\u4E92\u8BA4\u9879)\u5168\u8840\u7EC6\u80DE\u8BA1\u6570\u002B\u4E94\u5206\u7C7B\u68C0\u6D4B","citem_id":"259015","lspcm_name":"\u8840\u6DB2","emg_sign":"0","tube_code":"86","tube_name":"\u514D\u8D39\u9879\u76EE\u7BA1","label_test_color":"26367","coll_taken":"","tube_spec":""}],"head":{"bizno":"S4024","sysno":"JKPT","tarno":"ZLHIS","time":"2025-10-28 23:08:00","action_no":"067acd93-3bf4-4f58-bd34-9efa832e917f"}}}
构建的S4010请求: {
  "input": {
    "apply_info": {
      "apply_id": "12323",
      "chk_time": "2025-10-28 23:39:41",
      "chkin_ps": "卢志远",
      "chkin_time": "2025-10-28 23:38:41",
      "chkr": "系统管理员",
      "eq_id": "1233",
      "report_time": "2025-10-28 23:39:41",
      "rpt_type": "0",
      "rptr": "系统管理员",
      "spcm_bc_no": "860206296337",
      "spcm_clct_time": "2025-10-28 23:39:41"
    },
    "head": {
      "bizno": "S3112",
      "sysno": "JKPT",
      "tarno": "ZLHIS",
      "time": "2025-10-28 23:39:41",
      "action_no": "11891c35-6e41-4c93-970d-ac8f33e642de"
    },
    "rpt_info": [
      {
        "apply_id": "12323",
        "loitem_cname": "血小板分布宽度",
        "loitem_id": "0101031",
        "loitem_rv": "9.5-17.6",
        "loitem_unit": "fL",
        "oaflag": "2",
        "order_rpt_result": "7.8",
        "seq": "1"
      },
      {
        "apply_id": "12323",
        "loitem_cname": "嗜酸性粒细胞计数",
        "loitem_id": "0101010",
        "loitem_rv": "0.02-0.52",
        "loitem_unit": "10^9/L",
        "oaflag": "1",
        "order_rpt_result": "0.04",
        "seq": "2"
      }
    ]
  }
}
错误: 调用检查结果API失败: 由于连接方在一段时间后没有正确答复或连接的主机没有反应，连接尝试失败。 (10.10.1.46:8077)
堆栈:    at MedicalReportSystem.Services.NewStandardService.CallInspectionFindingApi[TRequest](TRequest request) in E:\MedicalReportSystem\MedicalReportSystem\Services\NewStandardService.cs:line 866
   at MedicalReportSystem.Services.NewStandardService.S4010(List`1 reportData, JsonElement additionalInfoJson, String serviceMethod, String applyId, String checker, String reporter, String equipmentId) in E:\MedicalReportSystem\MedicalReportSystem\Services\NewStandardService.cs:line 232
