[2025-10-29 23:41:10] 开始处理报告检查结果
请求参数: {
  "input": {
    "req_info": [
      {
        "orderId": 206367706,
        "dataCode": "210102015X01001",
        "OrderID": 206367706,
        "pat_visit_type": 1,
        "patientId": 4602748,
        "homePageId": "",
        "operationType": "02",
        "treatmentCategory": "D",
        "sno": 74,
        "order_expidate_type ": 1,
        "apply_time": "2025-10-29T08:09:00.000Z",
        "placer_name": "系统管理员",
        "apply_dept_id": 518,
        "citem_id": 257904,
        "citem_name": "DR检查(来宾HR)",
        "exedept_id": 467,
        "emg_sign": 0,
        "order_drask": "",
        "fee_source": 1,
        "citem_type": "D",
        "parts_name": "胸部-",
        "rmethod_name": "正位",
        "lspcm_name": "胸部-",
        "rgst_no": "25000881787",
        "dg1_info": null,
        "bodyPart": "胸部-",
        "method": "正位",
        "citem_id_cj": 257904,
        "citem_name_cj": "DR检查(来宾HR)",
        "exedept_id_cj": 467
      }
    ]
  }
} 
构建的检查结果请求: {
  "input": {
    "aud_key": "",
    "client_ip": "",
    "pv1_info": {
      "pid": "4602748",
      "pat_visit_type": "1",
      "pvid": "",
      "rgst_no": "25000881787"
    },
    "apply_info": [
      {
        "order_class": "4",
        "sno": "74",
        "order_expidate_type": "1",
        "apply_time": "2025-10-29 08:09:00",
        "order_exe_time_start": "2025-10-30 00:44:16",
        "placer_name": "系统管理员",
        "apply_dept_id": "518",
        "citem_id": "257904",
        "citem_name": "DR检查(来宾HR)",
        "exedept_id": "467",
        "emg_sign": "0",
        "order_drask": "",
        "baby_sno": "",
        "drug_freq_code": "",
        "order_once_qunt": "",
        "order_total_qunt": "",
        "decoction_method_id": "",
        "drug_freq_mth": "",
        "drop_number": "",
        "lspcm_name": "胸部-",
        "fee_source": "1",
        "note": "",
        "bedside_surcharge": "",
        "exe_property": "",
        "qunt_times": "",
        "recipe_id": "",
        "high_value_sign": "",
        "batch": "",
        "drug_item": [
          {
            "fitem_id": "",
            "fitem_name": "",
            "dspry_id": "",
            "order_once_qunt": "",
            "order_total_qunt": "",
            "drug_aim": "",
            "drug_reason": "",
            "drop_number": "",
            "order_drask": "",
            "foot": "",
            "decoction": ""
          }
        ],
        "apply_item": [],
        "part_info": [
          {
            "parts_name": "胸部-",
            "rmethod_name": "正位"
          }
        ],
        "blood_info": {
          "order_type": "",
          "lscmtd_id": "",
          "lscmtd_name": "",
          "exedept_id": "",
          "abo_blood": "",
          "rh_blood": ""
        },
        "surg_info": {
          "surg_type": "",
          "aneitem_id": "",
          "aneitem_name": "",
          "exedept_id": ""
        },
        "addition_item": [
          {
            "item_title": "",
            "item_value": "",
            "element_id": "",
            "required": ""
          }
        ]
      }
    ],
    "head": {
      "bizno": "S3112",
      "sysno": "JKPT",
      "tarno": "ZLHIS",
      "time": "2025-10-30 00:11:38",
      "action_no": "3fc17fbbd0de4698b1a164d0bd7c9ec2"
    }
  }
}
错误: 调用检查结果API失败: 由于连接方在一段时间后没有正确答复或连接的主机没有反应，连接尝试失败。 (10.10.1.46:8077)
堆栈:    at MedicalReportSystem.Services.NewStandardService.CallInspectionFindingApi[TRequest](TRequest request)
   at MedicalReportSystem.Services.NewStandardService.ReportInspectionFindingAsync(JsonElement requestJson, String serviceMethod)
