错误: 调用检查结果API失败: 由于连接方在一段时间后没有正确答复或连接的主机没有反应，连接尝试失败。 (10.10.1.46:8077)
堆栈:    at MedicalReportSystem.Services.NewStandardService.CallInspectionFindingApi(InspectionFindingRequest request)
   at MedicalReportSystem.Services.NewStandardService.ReportInspectionFindingAsync(JsonElement requestJson)
[2025-10-20 11:26:38] 开始处理报告检查结果
请求参数: {
  "input": {
    "req_info": [
      {
        "orderId": 204778945,
        "dataCode": "002503070000000",
        "OrderID": 204778945,
        "patientSource": 1,
        "patientId": 4602748,
        "homePageId": "",
        "operationType": "02",
        "treatmentCategory": "C",
        "sno": 1,
        "order_expidate_type ": 1,
        "apply_time": "2025-09-28T08:35:00.000Z",
        "placer_name": "\u7CFB\u7EDF\u7BA1\u7406\u5458",
        "apply_dept_id": 4645,
        "citem_id": 260870,
        "citem_name": "(\u9662\u5916\u7ED3\u679C\u4E92\u8BA4\u9879)\u80BE\u529F4\u9879",
        "exedept_id": 466,
        "emg_sign": 0,
        "order_drask": "",
        "fee_source": 1,
        "citem_type": "C",
        "parts_name": "\u8840\u6DB2",
        "rmethod_name": "",
        "lspcm_name": "\u8840\u6DB2",
        "citem_id_cj": 14533,
        "citem_name_cj": "\u91C7\u8840\u5BA4\u91C7\u8840",
        "exedept_id_cj": 582,
        "bodyPart": "\u80F8\u90E8",
        "method": "method"
      }
    ]
  }
}
构建的检查结果请求: {
  "input": {
    "aud_key": "",
    "client_ip": "",
    "pv1_info": {
      "pid": "4602748",
      "pat_visit_type": "1",
      "pvid": "",
      "rgst_no": ""
    },
    "apply_info": [
      {
        "order_class": "4",
        "sno": "1",
        "order_expidate_type": "1",
        "apply_time": "2025-09-28 08:35:00",
        "order_exe_time_start": "2025-10-20 12:26:39",
        "placer_name": "\u7CFB\u7EDF\u7BA1\u7406\u5458",
        "apply_dept_id": "4645",
        "citem_id": "14533",
        "citem_name": "\u91C7\u8840\u5BA4\u91C7\u8840",
        "exedept_id": "582",
        "emg_sign": "0",
        "order_drask": "",
        "baby_sno": "",
        "drug_freq_code": "",
        "order_once_qunt": "",
        "order_total_qunt": "",
        "decoction_method_id": "",
        "drug_freq_mth": "",
        "drop_number": "",
        "lspcm_name": "\u8840\u6DB2",
        "fee_source": "1",
        "note": "",
        "bedside_surcharge": "",
        "exe_property": "",
        "qunt_times": "",
        "recipe_id": "",
        "high_value_sign": "",
        "batch": "",
        "drug_item": [
          {
            "fitem_id": "",
            "fitem_name": "",
            "dspry_id": "",
            "order_once_qunt": "",
            "order_total_qunt": "",
            "drug_aim": "",
            "drug_reason": "",
            "drop_number": "",
            "order_drask": "",
            "foot": "",
            "decoction": ""
          }
        ],
        "apply_item": [
          {
            "citem_type": "C",
            "citem_id": "260870",
            "citem_name": "(\u9662\u5916\u7ED3\u679C\u4E92\u8BA4\u9879)\u80BE\u529F4\u9879",
            "exedept_id": "466"
          }
        ],
        "part_info": [
          {
            "parts_name": "\u8840\u6DB2",
            "rmethod_name": ""
          }
        ],
        "blood_info": {
          "order_type": "",
          "lscmtd_id": "",
          "lscmtd_name": "",
          "exedept_id": "",
          "abo_blood": "",
          "rh_blood": ""
        },
        "surg_info": {
          "surg_type": "",
          "aneitem_id": "",
          "aneitem_name": "",
          "exedept_id": ""
        },
        "addition_item": [
          {
            "item_title": "",
            "item_value": "",
            "element_id": "",
            "required": ""
          }
        ]
      }
    ],
    "dg1_info": [
      {
        "dz_sno": "1",
        "dz_type": "",
        "csd_code": "",
        "dz_content": "",
        "symptom_code": "",
        "symptom_name": ""
      }
    ],
    "head": {
      "bizno": "S3112",
      "sysno": "JKPT",
      "tarno": "ZLHIS",
      "time": "2025-10-20 11:26:39",
      "action_no": "8835e4c7aac343a1aada606b3f9c7a2c"
    }
  }
}
错误: 调用检查结果API失败: 由于连接方在一段时间后没有正确答复或连接的主机没有反应，连接尝试失败。 (10.10.1.46:8077)
堆栈:    at MedicalReportSystem.Services.NewStandardService.CallInspectionFindingApi(InspectionFindingRequest request)
   at MedicalReportSystem.Services.NewStandardService.ReportInspectionFindingAsync(JsonElement requestJson)
[2025-10-20 11:27:15] 开始处理报告检查结果
请求参数: {
  "input": {
    "req_info": [
      {
        "orderId": 204778945,
        "dataCode": "002503070000000",
        "OrderID": 204778945,
        "patientSource": 1,
        "patientId": 4602748,
        "homePageId": "",
        "operationType": "02",
        "treatmentCategory": "C",
        "sno": 1,
        "order_expidate_type ": 1,
        "apply_time": "2025-09-28T08:35:00.000Z",
        "placer_name": "\u7CFB\u7EDF\u7BA1\u7406\u5458",
        "apply_dept_id": 4645,
        "citem_id": 260870,
        "citem_name": "(\u9662\u5916\u7ED3\u679C\u4E92\u8BA4\u9879)\u80BE\u529F4\u9879",
        "exedept_id": 466,
        "emg_sign": 0,
        "order_drask": "",
        "fee_source": 1,
        "citem_type": "C",
        "parts_name": "\u8840\u6DB2",
        "rmethod_name": "",
        "lspcm_name": "\u8840\u6DB2",
        "citem_id_cj": 14533,
        "citem_name_cj": "\u91C7\u8840\u5BA4\u91C7\u8840",
        "exedept_id_cj": 582,
        "bodyPart": "\u80F8\u90E8",
        "method": "method",
        "rgst_no": ""
      }
    ]
  }
}
构建的检查结果请求: {
  "input": {
    "aud_key": "",
    "client_ip": "",
    "pv1_info": {
      "pid": "4602748",
      "pat_visit_type": "1",
      "pvid": "",
      "rgst_no": ""
    },
    "apply_info": [
      {
        "order_class": "4",
        "sno": "1",
        "order_expidate_type": "1",
        "apply_time": "2025-09-28 08:35:00",
        "order_exe_time_start": "2025-10-20 12:27:16",
        "placer_name": "\u7CFB\u7EDF\u7BA1\u7406\u5458",
        "apply_dept_id": "4645",
        "citem_id": "14533",
        "citem_name": "\u91C7\u8840\u5BA4\u91C7\u8840",
        "exedept_id": "582",
        "emg_sign": "0",
        "order_drask": "",
        "baby_sno": "",
        "drug_freq_code": "",
        "order_once_qunt": "",
        "order_total_qunt": "",
        "decoction_method_id": "",
        "drug_freq_mth": "",
        "drop_number": "",
        "lspcm_name": "\u8840\u6DB2",
        "fee_source": "1",
        "note": "",
        "bedside_surcharge": "",
        "exe_property": "",
        "qunt_times": "",
        "recipe_id": "",
        "high_value_sign": "",
        "batch": "",
        "drug_item": [
          {
            "fitem_id": "",
            "fitem_name": "",
            "dspry_id": "",
            "order_once_qunt": "",
            "order_total_qunt": "",
            "drug_aim": "",
            "drug_reason": "",
            "drop_number": "",
            "order_drask": "",
            "foot": "",
            "decoction": ""
          }
        ],
        "apply_item": [
          {
            "citem_type": "C",
            "citem_id": "260870",
            "citem_name": "(\u9662\u5916\u7ED3\u679C\u4E92\u8BA4\u9879)\u80BE\u529F4\u9879",
            "exedept_id": "466"
          }
        ],
        "part_info": [
          {
            "parts_name": "\u8840\u6DB2",
            "rmethod_name": ""
          }
        ],
        "blood_info": {
          "order_type": "",
          "lscmtd_id": "",
          "lscmtd_name": "",
          "exedept_id": "",
          "abo_blood": "",
          "rh_blood": ""
        },
        "surg_info": {
          "surg_type": "",
          "aneitem_id": "",
          "aneitem_name": "",
          "exedept_id": ""
        },
        "addition_item": [
          {
            "item_title": "",
            "item_value": "",
            "element_id": "",
            "required": ""
          }
        ]
      }
    ],
    "dg1_info": [
      {
        "dz_sno": "1",
        "dz_type": "",
        "csd_code": "",
        "dz_content": "",
        "symptom_code": "",
        "symptom_name": ""
      }
    ],
    "head": {
      "bizno": "S3112",
      "sysno": "JKPT",
      "tarno": "ZLHIS",
      "time": "2025-10-20 11:27:16",
      "action_no": "58989200c6a249248e41809987020fd9"
    }
  }
}
错误: 调用检查结果API失败: 由于连接方在一段时间后没有正确答复或连接的主机没有反应，连接尝试失败。 (10.10.1.46:8077)
堆栈:    at MedicalReportSystem.Services.NewStandardService.CallInspectionFindingApi(InspectionFindingRequest request)
   at MedicalReportSystem.Services.NewStandardService.ReportInspectionFindingAsync(JsonElement requestJson)
[2025-10-20 16:54:50] 开始处理报告检查结果
请求参数: {
  "input": {
    "req_info": [
      {
        "orderId": 205658417,
        "dataCode": "002501010150000",
        "OrderID": 205658417,
        "pat_visit_type": 1,
        "patientId": 4602748,
        "homePageId": "",
        "operationType": "02",
        "treatmentCategory": "C",
        "sno": 1,
        "order_expidate_type ": 1,
        "apply_time": "2025-10-20T07:03:00.000Z",
        "placer_name": "\u7CFB\u7EDF\u7BA1\u7406\u5458",
        "apply_dept_id": 518,
        "citem_id": "259015",
        "citem_name": "(\u9662\u5916\u7ED3\u679C\u4E92\u8BA4\u9879)\u5168\u8840\u7EC6\u80DE\u8BA1\u6570\u002B\u4E94\u5206\u7C7B\u68C0\u6D4B",
        "exedept_id": 466,
        "emg_sign": 0,
        "order_drask": "",
        "fee_source": 1,
        "citem_type": "C",
        "parts_name": "\u8840\u6DB2",
        "rmethod_name": "",
        "lspcm_name": "\u8840\u6DB2",
        "rgst_no": 12891999,
        "citem_id_cj": 14533,
        "citem_name_cj": "\u91C7\u8840\u5BA4\u91C7\u8840",
        "exedept_id_cj": 582
      }
    ]
  }
}
错误: 构建检查结果请求数据失败: The requested operation requires an element of type 'String', but the target element has type 'Number'.
堆栈:    at MedicalReportSystem.Services.NewStandardService.BuildInspectionFindingRequest(JsonElement requestJson) in E:\MedicalReportSystem\MedicalReportSystem\Services\NewStandardService.cs:line 313
   at MedicalReportSystem.Services.NewStandardService.ReportInspectionFindingAsync(JsonElement requestJson) in E:\MedicalReportSystem\MedicalReportSystem\Services\NewStandardService.cs:line 109
[2025-10-20 17:02:28] 开始处理报告检查结果
请求参数: {
  "input": {
    "req_info": [
      {
        "orderId": 205658417,
        "dataCode": "002501010150000",
        "OrderID": 205658417,
        "pat_visit_type": 1,
        "patientId": 4602748,
        "homePageId": "",
        "operationType": "02",
        "treatmentCategory": "C",
        "sno": 1,
        "order_expidate_type ": 1,
        "apply_time": "2025-10-20T07:03:00.000Z",
        "placer_name": "\u7CFB\u7EDF\u7BA1\u7406\u5458",
        "apply_dept_id": 518,
        "citem_id": "259015",
        "citem_name": "(\u9662\u5916\u7ED3\u679C\u4E92\u8BA4\u9879)\u5168\u8840\u7EC6\u80DE\u8BA1\u6570\u002B\u4E94\u5206\u7C7B\u68C0\u6D4B",
        "exedept_id": 466,
        "emg_sign": 0,
        "order_drask": "",
        "fee_source": 1,
        "citem_type": "C",
        "parts_name": "\u8840\u6DB2",
        "rmethod_name": "",
        "lspcm_name": "\u8840\u6DB2",
        "rgst_no": 12891999,
        "citem_id_cj": 14533,
        "citem_name_cj": "\u91C7\u8840\u5BA4\u91C7\u8840",
        "exedept_id_cj": 582
      }
    ]
  }
}
错误: 构建检查结果请求数据失败: The requested operation requires an element of type 'String', but the target element has type 'Number'.
堆栈:    at MedicalReportSystem.Services.NewStandardService.BuildInspectionFindingRequest(JsonElement requestJson)
   at MedicalReportSystem.Services.NewStandardService.ReportInspectionFindingAsync(JsonElement requestJson)
[2025-10-20 17:05:59] 开始处理报告检查结果
请求参数: {
  "input": {
    "req_info": [
      {
        "orderId": 205658417,
        "dataCode": "002501010150000",
        "OrderID": 205658417,
        "pat_visit_type": 1,
        "patientId": 4602748,
        "homePageId": "",
        "operationType": "02",
        "treatmentCategory": "C",
        "sno": 1,
        "order_expidate_type ": 1,
        "apply_time": "2025-10-20T07:03:00.000Z",
        "placer_name": "\u7CFB\u7EDF\u7BA1\u7406\u5458",
        "apply_dept_id": 518,
        "citem_id": "259015",
        "citem_name": "(\u9662\u5916\u7ED3\u679C\u4E92\u8BA4\u9879)\u5168\u8840\u7EC6\u80DE\u8BA1\u6570\u002B\u4E94\u5206\u7C7B\u68C0\u6D4B",
        "exedept_id": 466,
        "emg_sign": 0,
        "order_drask": "",
        "fee_source": 1,
        "citem_type": "C",
        "parts_name": "\u8840\u6DB2",
        "rmethod_name": "",
        "lspcm_name": "\u8840\u6DB2",
        "rgst_no": 12891999,
        "citem_id_cj": 14533,
        "citem_name_cj": "\u91C7\u8840\u5BA4\u91C7\u8840",
        "exedept_id_cj": 582
      }
    ]
  }
}
错误: 构建检查结果请求数据失败: The requested operation requires an element of type 'String', but the target element has type 'Number'.
堆栈:    at MedicalReportSystem.Services.NewStandardService.BuildInspectionFindingRequest(JsonElement requestJson)
   at MedicalReportSystem.Services.NewStandardService.ReportInspectionFindingAsync(JsonElement requestJson)
[2025-10-20 17:06:15] 开始处理报告检查结果
请求参数: {
  "input": {
    "req_info": [
      {
        "orderId": 205658417,
        "dataCode": "002501010150000",
        "OrderID": 205658417,
        "pat_visit_type": 1,
        "patientId": 4602748,
        "homePageId": "",
        "operationType": "02",
        "treatmentCategory": "C",
        "sno": 1,
        "order_expidate_type ": 1,
        "apply_time": "2025-10-20T07:03:00.000Z",
        "placer_name": "\u7CFB\u7EDF\u7BA1\u7406\u5458",
        "apply_dept_id": 518,
        "citem_id": "259015",
        "citem_name": "(\u9662\u5916\u7ED3\u679C\u4E92\u8BA4\u9879)\u5168\u8840\u7EC6\u80DE\u8BA1\u6570\u002B\u4E94\u5206\u7C7B\u68C0\u6D4B",
        "exedept_id": 466,
        "emg_sign": 0,
        "order_drask": "",
        "fee_source": 1,
        "citem_type": "C",
        "parts_name": "\u8840\u6DB2",
        "rmethod_name": "",
        "lspcm_name": "\u8840\u6DB2",
        "rgst_no": 12891999,
        "citem_id_cj": 14533,
        "citem_name_cj": "\u91C7\u8840\u5BA4\u91C7\u8840",
        "exedept_id_cj": 582
      }
    ]
  }
}
错误: 构建检查结果请求数据失败: The requested operation requires an element of type 'String', but the target element has type 'Number'.
堆栈:    at MedicalReportSystem.Services.NewStandardService.BuildInspectionFindingRequest(JsonElement requestJson)
   at MedicalReportSystem.Services.NewStandardService.ReportInspectionFindingAsync(JsonElement requestJson)
[2025-10-20 17:06:42] 开始处理报告检查结果
请求参数: {
  "input": {
    "req_info": [
      {
        "orderId": 205658417,
        "dataCode": "002501010150000",
        "OrderID": 205658417,
        "pat_visit_type": 1,
        "patientId": 4602748,
        "homePageId": "",
        "operationType": "02",
        "treatmentCategory": "C",
        "sno": 1,
        "order_expidate_type ": 1,
        "apply_time": "2025-10-20T07:03:00.000Z",
        "placer_name": "\u7CFB\u7EDF\u7BA1\u7406\u5458",
        "apply_dept_id": 518,
        "citem_id": "259015",
        "citem_name": "(\u9662\u5916\u7ED3\u679C\u4E92\u8BA4\u9879)\u5168\u8840\u7EC6\u80DE\u8BA1\u6570\u002B\u4E94\u5206\u7C7B\u68C0\u6D4B",
        "exedept_id": 466,
        "emg_sign": 0,
        "order_drask": "",
        "fee_source": 1,
        "citem_type": "C",
        "parts_name": "\u8840\u6DB2",
        "rmethod_name": "",
        "lspcm_name": "\u8840\u6DB2",
        "rgst_no": 12891999,
        "citem_id_cj": 14533,
        "citem_name_cj": "\u91C7\u8840\u5BA4\u91C7\u8840",
        "exedept_id_cj": 582
      }
    ]
  }
}
错误: 构建检查结果请求数据失败: The requested operation requires an element of type 'String', but the target element has type 'Number'.
堆栈:    at MedicalReportSystem.Services.NewStandardService.BuildInspectionFindingRequest(JsonElement requestJson)
   at MedicalReportSystem.Services.NewStandardService.ReportInspectionFindingAsync(JsonElement requestJson)
[2025-10-20 17:26:51] 开始处理报告检查结果
请求参数: {
  "input": {
    "req_info": [
      {
        "orderId": 205658417,
        "dataCode": "002501010150000",
        "OrderID": 205658417,
        "pat_visit_type": 1,
        "patientId": 4602748,
        "homePageId": "",
        "operationType": "02",
        "treatmentCategory": "C",
        "sno": 1,
        "order_expidate_type ": 1,
        "apply_time": "2025-10-20T07:03:00.000Z",
        "placer_name": "\u7CFB\u7EDF\u7BA1\u7406\u5458",
        "apply_dept_id": 518,
        "citem_id": "259015",
        "citem_name": "(\u9662\u5916\u7ED3\u679C\u4E92\u8BA4\u9879)\u5168\u8840\u7EC6\u80DE\u8BA1\u6570\u002B\u4E94\u5206\u7C7B\u68C0\u6D4B",
        "exedept_id": 466,
        "emg_sign": 0,
        "order_drask": "",
        "fee_source": 1,
        "citem_type": "C",
        "parts_name": "\u8840\u6DB2",
        "rmethod_name": "",
        "lspcm_name": "\u8840\u6DB2",
        "rgst_no": 12891999,
        "citem_id_cj": 14533,
        "citem_name_cj": "\u91C7\u8840\u5BA4\u91C7\u8840",
        "exedept_id_cj": 582
      }
    ]
  }
}
错误: 构建检查结果请求数据失败: The JSON value could not be converted to System.Nullable`1[System.Int32]. Path: $[0].citem_id | LineNumber: 15 | BytePositionInLine: 28.
堆栈:    at MedicalReportSystem.Services.NewStandardService.BuildInspectionFindingRequest(JsonElement requestJson)
   at MedicalReportSystem.Services.NewStandardService.ReportInspectionFindingAsync(JsonElement requestJson)
[2025-10-20 17:27:48] 开始处理报告检查结果
请求参数: {
  "input": {
    "req_info": [
      {
        "orderId": 205658417,
        "dataCode": "002501010150000",
        "OrderID": 205658417,
        "pat_visit_type": 1,
        "patientId": 4602748,
        "homePageId": "",
        "operationType": "02",
        "treatmentCategory": "C",
        "sno": 1,
        "order_expidate_type ": 1,
        "apply_time": "2025-10-20T07:03:00.000Z",
        "placer_name": "\u7CFB\u7EDF\u7BA1\u7406\u5458",
        "apply_dept_id": 518,
        "citem_id": "259015",
        "citem_name": "(\u9662\u5916\u7ED3\u679C\u4E92\u8BA4\u9879)\u5168\u8840\u7EC6\u80DE\u8BA1\u6570\u002B\u4E94\u5206\u7C7B\u68C0\u6D4B",
        "exedept_id": 466,
        "emg_sign": 0,
        "order_drask": "",
        "fee_source": 1,
        "citem_type": "C",
        "parts_name": "\u8840\u6DB2",
        "rmethod_name": "",
        "lspcm_name": "\u8840\u6DB2",
        "rgst_no": 12891999,
        "citem_id_cj": 14533,
        "citem_name_cj": "\u91C7\u8840\u5BA4\u91C7\u8840",
        "exedept_id_cj": 582
      }
    ]
  }
}
错误: 构建检查结果请求数据失败: The JSON value could not be converted to System.Nullable`1[System.Int32]. Path: $[0].citem_id | LineNumber: 15 | BytePositionInLine: 28.
堆栈:    at MedicalReportSystem.Services.NewStandardService.BuildInspectionFindingRequest(JsonElement requestJson)
   at MedicalReportSystem.Services.NewStandardService.ReportInspectionFindingAsync(JsonElement requestJson)
[2025-10-20 17:28:01] 开始处理报告检查结果
请求参数: {
  "input": {
    "req_info": [
      {
        "orderId": 205658417,
        "dataCode": "002501010150000",
        "OrderID": 205658417,
        "pat_visit_type": 1,
        "patientId": 4602748,
        "homePageId": "",
        "operationType": "02",
        "treatmentCategory": "C",
        "sno": 1,
        "order_expidate_type ": 1,
        "apply_time": "2025-10-20T07:03:00.000Z",
        "placer_name": "\u7CFB\u7EDF\u7BA1\u7406\u5458",
        "apply_dept_id": 518,
        "citem_id": "259015",
        "citem_name": "(\u9662\u5916\u7ED3\u679C\u4E92\u8BA4\u9879)\u5168\u8840\u7EC6\u80DE\u8BA1\u6570\u002B\u4E94\u5206\u7C7B\u68C0\u6D4B",
        "exedept_id": 466,
        "emg_sign": 0,
        "order_drask": "",
        "fee_source": 1,
        "citem_type": "C",
        "parts_name": "\u8840\u6DB2",
        "rmethod_name": "",
        "lspcm_name": "\u8840\u6DB2",
        "rgst_no": 12891999,
        "citem_id_cj": 14533,
        "citem_name_cj": "\u91C7\u8840\u5BA4\u91C7\u8840",
        "exedept_id_cj": 582
      }
    ]
  }
}
错误: 构建检查结果请求数据失败: The JSON value could not be converted to System.Nullable`1[System.Int32]. Path: $[0].citem_id | LineNumber: 15 | BytePositionInLine: 28.
堆栈:    at MedicalReportSystem.Services.NewStandardService.BuildInspectionFindingRequest(JsonElement requestJson)
   at MedicalReportSystem.Services.NewStandardService.ReportInspectionFindingAsync(JsonElement requestJson)
[2025-10-20 17:28:13] 开始处理报告检查结果
请求参数: {
  "input": {
    "req_info": [
      {
        "orderId": 205658417,
        "dataCode": "002501010150000",
        "OrderID": 205658417,
        "pat_visit_type": 1,
        "patientId": 4602748,
        "homePageId": "",
        "operationType": "02",
        "treatmentCategory": "C",
        "sno": 1,
        "order_expidate_type ": 1,
        "apply_time": "2025-10-20T07:03:00.000Z",
        "placer_name": "\u7CFB\u7EDF\u7BA1\u7406\u5458",
        "apply_dept_id": 518,
        "citem_id": "259015",
        "citem_name": "(\u9662\u5916\u7ED3\u679C\u4E92\u8BA4\u9879)\u5168\u8840\u7EC6\u80DE\u8BA1\u6570\u002B\u4E94\u5206\u7C7B\u68C0\u6D4B",
        "exedept_id": 466,
        "emg_sign": 0,
        "order_drask": "",
        "fee_source": 1,
        "citem_type": "C",
        "parts_name": "\u8840\u6DB2",
        "rmethod_name": "",
        "lspcm_name": "\u8840\u6DB2",
        "rgst_no": 12891999,
        "citem_id_cj": 14533,
        "citem_name_cj": "\u91C7\u8840\u5BA4\u91C7\u8840",
        "exedept_id_cj": 582
      }
    ]
  }
}
错误: 构建检查结果请求数据失败: The JSON value could not be converted to System.Nullable`1[System.Int32]. Path: $[0].citem_id | LineNumber: 15 | BytePositionInLine: 28.
堆栈:    at MedicalReportSystem.Services.NewStandardService.BuildInspectionFindingRequest(JsonElement requestJson)
   at MedicalReportSystem.Services.NewStandardService.ReportInspectionFindingAsync(JsonElement requestJson)
[2025-10-20 17:31:16] 开始处理报告检查结果
请求参数: {
  "input": {
    "req_info": [
      {
        "orderId": 205658417,
        "dataCode": "002501010150000",
        "OrderID": 205658417,
        "pat_visit_type": 1,
        "patientId": 4602748,
        "homePageId": "",
        "operationType": "02",
        "treatmentCategory": "C",
        "sno": 1,
        "order_expidate_type ": 1,
        "apply_time": "2025-10-20T07:03:00.000Z",
        "placer_name": "\u7CFB\u7EDF\u7BA1\u7406\u5458",
        "apply_dept_id": 518,
        "citem_id": "259015",
        "citem_name": "(\u9662\u5916\u7ED3\u679C\u4E92\u8BA4\u9879)\u5168\u8840\u7EC6\u80DE\u8BA1\u6570\u002B\u4E94\u5206\u7C7B\u68C0\u6D4B",
        "exedept_id": 466,
        "emg_sign": 0,
        "order_drask": "",
        "fee_source": 1,
        "citem_type": "C",
        "parts_name": "\u8840\u6DB2",
        "rmethod_name": "",
        "lspcm_name": "\u8840\u6DB2",
        "rgst_no": 12891999,
        "citem_id_cj": 14533,
        "citem_name_cj": "\u91C7\u8840\u5BA4\u91C7\u8840",
        "exedept_id_cj": 582
      }
    ]
  }
}
错误: 构建检查结果请求数据失败: The JSON value could not be converted to System.Nullable`1[System.Int32]. Path: $[0].citem_id | LineNumber: 15 | BytePositionInLine: 28.
堆栈:    at MedicalReportSystem.Services.NewStandardService.BuildInspectionFindingRequest(JsonElement requestJson)
   at MedicalReportSystem.Services.NewStandardService.ReportInspectionFindingAsync(JsonElement requestJson)
[2025-10-20 17:33:22] 开始处理报告检查结果
请求参数: {
  "input": {
    "req_info": [
      {
        "orderId": 205658417,
        "dataCode": "002501010150000",
        "OrderID": 205658417,
        "pat_visit_type": 1,
        "patientId": 4602748,
        "homePageId": "",
        "operationType": "02",
        "treatmentCategory": "C",
        "sno": 1,
        "order_expidate_type ": 1,
        "apply_time": "2025-10-20T07:03:00.000Z",
        "placer_name": "\u7CFB\u7EDF\u7BA1\u7406\u5458",
        "apply_dept_id": 518,
        "citem_id": "259015",
        "citem_name": "(\u9662\u5916\u7ED3\u679C\u4E92\u8BA4\u9879)\u5168\u8840\u7EC6\u80DE\u8BA1\u6570\u002B\u4E94\u5206\u7C7B\u68C0\u6D4B",
        "exedept_id": 466,
        "emg_sign": 0,
        "order_drask": "",
        "fee_source": 1,
        "citem_type": "C",
        "parts_name": "\u8840\u6DB2",
        "rmethod_name": "",
        "lspcm_name": "\u8840\u6DB2",
        "rgst_no": 12891999,
        "citem_id_cj": 14533,
        "citem_name_cj": "\u91C7\u8840\u5BA4\u91C7\u8840",
        "exedept_id_cj": 582
      }
    ]
  }
}
错误: 构建检查结果请求数据失败: The JSON value could not be converted to System.Nullable`1[System.Int32]. Path: $[0].citem_id | LineNumber: 15 | BytePositionInLine: 28.
堆栈:    at MedicalReportSystem.Services.NewStandardService.BuildInspectionFindingRequest(JsonElement requestJson)
   at MedicalReportSystem.Services.NewStandardService.ReportInspectionFindingAsync(JsonElement requestJson)
[2025-10-20 17:36:00] 开始处理报告检查结果
请求参数: {
  "input": {
    "req_info": [
      {
        "orderId": 205658417,
        "dataCode": "002501010150000",
        "OrderID": 205658417,
        "pat_visit_type": 1,
        "patientId": 4602748,
        "homePageId": "",
        "operationType": "02",
        "treatmentCategory": "C",
        "sno": 1,
        "order_expidate_type ": 1,
        "apply_time": "2025-10-20T07:03:00.000Z",
        "placer_name": "\u7CFB\u7EDF\u7BA1\u7406\u5458",
        "apply_dept_id": 518,
        "citem_id": "259015",
        "citem_name": "(\u9662\u5916\u7ED3\u679C\u4E92\u8BA4\u9879)\u5168\u8840\u7EC6\u80DE\u8BA1\u6570\u002B\u4E94\u5206\u7C7B\u68C0\u6D4B",
        "exedept_id": 466,
        "emg_sign": 0,
        "order_drask": "",
        "fee_source": 1,
        "citem_type": "C",
        "parts_name": "\u8840\u6DB2",
        "rmethod_name": "",
        "lspcm_name": "\u8840\u6DB2",
        "rgst_no": 12891999,
        "citem_id_cj": 14533,
        "citem_name_cj": "\u91C7\u8840\u5BA4\u91C7\u8840",
        "exedept_id_cj": 582
      }
    ]
  }
}
[2025-10-20 17:40:22] 开始处理报告检查结果
请求参数: {
  "input": {
    "req_info": [
      {
        "orderId": 205658417,
        "dataCode": "002501010150000",
        "OrderID": 205658417,
        "pat_visit_type": 1,
        "patientId": 4602748,
        "homePageId": "",
        "operationType": "02",
        "treatmentCategory": "C",
        "sno": 1,
        "order_expidate_type ": 1,
        "apply_time": "2025-10-20T07:03:00.000Z",
        "placer_name": "\u7CFB\u7EDF\u7BA1\u7406\u5458",
        "apply_dept_id": 518,
        "citem_id": "259015",
        "citem_name": "(\u9662\u5916\u7ED3\u679C\u4E92\u8BA4\u9879)\u5168\u8840\u7EC6\u80DE\u8BA1\u6570\u002B\u4E94\u5206\u7C7B\u68C0\u6D4B",
        "exedept_id": 466,
        "emg_sign": 0,
        "order_drask": "",
        "fee_source": 1,
        "citem_type": "C",
        "parts_name": "\u8840\u6DB2",
        "rmethod_name": "",
        "lspcm_name": "\u8840\u6DB2",
        "rgst_no": 12891999,
        "citem_id_cj": 14533,
        "citem_name_cj": "\u91C7\u8840\u5BA4\u91C7\u8840",
        "exedept_id_cj": 582
      }
    ]
  }
}
错误: 构建检查结果请求数据失败: The JSON value could not be converted to System.String. Path: $[0].citem_id_cj | LineNumber: 26 | BytePositionInLine: 28.
堆栈:    at MedicalReportSystem.Services.NewStandardService.BuildInspectionFindingRequest(JsonElement requestJson) in E:\MedicalReportSystem\MedicalReportSystem\Services\NewStandardService.cs:line 313
   at MedicalReportSystem.Services.NewStandardService.ReportInspectionFindingAsync(JsonElement requestJson) in E:\MedicalReportSystem\MedicalReportSystem\Services\NewStandardService.cs:line 109
[2025-10-20 17:40:51] 开始处理报告检查结果
请求参数: {
  "input": {
    "req_info": [
      {
        "orderId": 205658417,
        "dataCode": "002501010150000",
        "OrderID": 205658417,
        "pat_visit_type": 1,
        "patientId": 4602748,
        "homePageId": "",
        "operationType": "02",
        "treatmentCategory": "C",
        "sno": 1,
        "order_expidate_type ": 1,
        "apply_time": "2025-10-20T07:03:00.000Z",
        "placer_name": "\u7CFB\u7EDF\u7BA1\u7406\u5458",
        "apply_dept_id": 518,
        "citem_id": "259015",
        "citem_name": "(\u9662\u5916\u7ED3\u679C\u4E92\u8BA4\u9879)\u5168\u8840\u7EC6\u80DE\u8BA1\u6570\u002B\u4E94\u5206\u7C7B\u68C0\u6D4B",
        "exedept_id": 466,
        "emg_sign": 0,
        "order_drask": "",
        "fee_source": 1,
        "citem_type": "C",
        "parts_name": "\u8840\u6DB2",
        "rmethod_name": "",
        "lspcm_name": "\u8840\u6DB2",
        "rgst_no": 12891999,
        "citem_id_cj": 14533,
        "citem_name_cj": "\u91C7\u8840\u5BA4\u91C7\u8840",
        "exedept_id_cj": 582
      }
    ]
  }
}
错误: 构建检查结果请求数据失败: The JSON value could not be converted to System.String. Path: $[0].citem_id_cj | LineNumber: 26 | BytePositionInLine: 28.
堆栈:    at MedicalReportSystem.Services.NewStandardService.BuildInspectionFindingRequest(JsonElement requestJson)
   at MedicalReportSystem.Services.NewStandardService.ReportInspectionFindingAsync(JsonElement requestJson)
[2025-10-20 17:41:52] 开始处理报告检查结果
请求参数: {
  "input": {
    "req_info": [
      {
        "orderId": 205658417,
        "dataCode": "002501010150000",
        "OrderID": 205658417,
        "pat_visit_type": 1,
        "patientId": 4602748,
        "homePageId": "",
        "operationType": "02",
        "treatmentCategory": "C",
        "sno": 1,
        "order_expidate_type ": 1,
        "apply_time": "2025-10-20T07:03:00.000Z",
        "placer_name": "\u7CFB\u7EDF\u7BA1\u7406\u5458",
        "apply_dept_id": 518,
        "citem_id": "259015",
        "citem_name": "(\u9662\u5916\u7ED3\u679C\u4E92\u8BA4\u9879)\u5168\u8840\u7EC6\u80DE\u8BA1\u6570\u002B\u4E94\u5206\u7C7B\u68C0\u6D4B",
        "exedept_id": 466,
        "emg_sign": 0,
        "order_drask": "",
        "fee_source": 1,
        "citem_type": "C",
        "parts_name": "\u8840\u6DB2",
        "rmethod_name": "",
        "lspcm_name": "\u8840\u6DB2",
        "rgst_no": 12891999,
        "citem_id_cj": 14533,
        "citem_name_cj": "\u91C7\u8840\u5BA4\u91C7\u8840",
        "exedept_id_cj": 582
      }
    ]
  }
}
[2025-10-20 17:46:22] 开始处理报告检查结果
请求参数: {
  "input": {
    "req_info": [
      {
        "orderId": 205658417,
        "dataCode": "002501010150000",
        "OrderID": 205658417,
        "pat_visit_type": 1,
        "patientId": 4602748,
        "homePageId": "",
        "operationType": "02",
        "treatmentCategory": "C",
        "sno": 1,
        "order_expidate_type ": 1,
        "apply_time": "2025-10-20T07:03:00.000Z",
        "placer_name": "\u7CFB\u7EDF\u7BA1\u7406\u5458",
        "apply_dept_id": 518,
        "citem_id": "259015",
        "citem_name": "(\u9662\u5916\u7ED3\u679C\u4E92\u8BA4\u9879)\u5168\u8840\u7EC6\u80DE\u8BA1\u6570\u002B\u4E94\u5206\u7C7B\u68C0\u6D4B",
        "exedept_id": 466,
        "emg_sign": 0,
        "order_drask": "",
        "fee_source": 1,
        "citem_type": "C",
        "parts_name": "\u8840\u6DB2",
        "rmethod_name": "",
        "lspcm_name": "\u8840\u6DB2",
        "rgst_no": 12891999,
        "citem_id_cj": 14533,
        "citem_name_cj": "\u91C7\u8840\u5BA4\u91C7\u8840",
        "exedept_id_cj": 582
      }
    ]
  }
}
构建的检查结果请求: {
  "input": {
    "aud_key": "",
    "client_ip": "",
    "pv1_info": {
      "pid": "4602748",
      "pat_visit_type": "1",
      "pvid": "",
      "rgst_no": "12891999"
    },
    "apply_info": [
      {
        "order_class": "4",
        "sno": "1",
        "order_expidate_type": "1",
        "apply_time": "2025-10-20 17:46:23",
        "order_exe_time_start": "2025-10-20 18:46:23",
        "placer_name": "\u7CFB\u7EDF\u7BA1\u7406\u5458",
        "apply_dept_id": "",
        "citem_id": "",
        "citem_name": "",
        "exedept_id": "",
        "emg_sign": "0",
        "order_drask": "\u4E92\u8BA4",
        "baby_sno": "",
        "drug_freq_code": "",
        "order_once_qunt": "",
        "order_total_qunt": "",
        "decoction_method_id": "",
        "drug_freq_mth": "",
        "drop_number": "",
        "lspcm_name": "\u8840\u6E05",
        "fee_source": "0",
        "note": "",
        "bedside_surcharge": "",
        "exe_property": "",
        "qunt_times": "",
        "recipe_id": "",
        "high_value_sign": "",
        "batch": "",
        "drug_item": [
          {
            "fitem_id": "",
            "fitem_name": "",
            "dspry_id": "",
            "order_once_qunt": "",
            "order_total_qunt": "",
            "drug_aim": "",
            "drug_reason": "",
            "drop_number": "",
            "order_drask": "",
            "foot": "",
            "decoction": ""
          }
        ],
        "apply_item": [],
        "part_info": [],
        "blood_info": {
          "order_type": "",
          "lscmtd_id": "",
          "lscmtd_name": "",
          "exedept_id": "",
          "abo_blood": "",
          "rh_blood": ""
        },
        "surg_info": {
          "surg_type": "",
          "aneitem_id": "",
          "aneitem_name": "",
          "exedept_id": ""
        },
        "addition_item": [
          {
            "item_title": "",
            "item_value": "",
            "element_id": "",
            "required": ""
          }
        ]
      }
    ],
    "dg1_info": [
      {
        "dz_sno": "1",
        "dz_type": "",
        "csd_code": "",
        "dz_content": "",
        "symptom_code": "",
        "symptom_name": ""
      }
    ],
    "head": {
      "bizno": "S3112",
      "sysno": "JKPT",
      "tarno": "ZLHIS",
      "time": "2025-10-20 17:46:23",
      "action_no": "112b9407a78143ccbd62ae84d0e17814"
    }
  }
}
错误: 调用检查结果API失败: 由于连接方在一段时间后没有正确答复或连接的主机没有反应，连接尝试失败。 (10.10.1.46:8077)
堆栈:    at MedicalReportSystem.Services.NewStandardService.CallInspectionFindingApi(InspectionFindingRequest request) in E:\MedicalReportSystem\MedicalReportSystem\Services\NewStandardService.cs:line 362
   at MedicalReportSystem.Services.NewStandardService.ReportInspectionFindingAsync(JsonElement requestJson) in E:\MedicalReportSystem\MedicalReportSystem\Services\NewStandardService.cs:line 113
