[2025-10-24 20:22:16] 开始处理报告检查结果
请求参数: {
  "input": {
    "req_info": [
      {
        "orderId": 205658417,
        "dataCode": "002501010150000",
        "OrderID": 205658417,
        "pat_visit_type": 1,
        "patientId": 4602748,
        "homePageId": "",
        "operationType": "02",
        "treatmentCategory": "C",
        "sno": 1,
        "order_expidate_type ": 1,
        "apply_time": "2025-10-20T07:03:00.000Z",
        "placer_name": "系统管理员",
        "apply_dept_id": 518,
        "citem_id": 259015,
        "citem_name": "(院外结果互认项目)全血细胞计数+五分类检测",
        "exedept_id": 466,
        "emg_sign": 0,
        "order_drask": "",
        "fee_source": 1,
        "citem_type": "C",
        "parts_name": "血液",
        "rmethod_name": "",
        "lspcm_name": "血液",
        "rgst_no": 12891999,
        "citem_id_cj": 14533,
        "citem_name_cj": "采血室采血",
        "exedept_id_cj": 582
      }
    ]
  }
} 
构建的检查结果请求: {
  "input": {
    "aud_key": "",
    "client_ip": "",
    "pv1_info": {
      "pid": "4602748",
      "pat_visit_type": "1",
      "pvid": "",
      "rgst_no": "12891999"
    },
    "apply_info": [
      {
        "order_class": "4",
        "sno": "1",
        "order_expidate_type": "1",
        "apply_time": "2025-10-20 07:03:00",
        "order_exe_time_start": "2025-10-24 21:22:17",
        "placer_name": "系统管理员",
        "apply_dept_id": "518",
        "citem_id": "14533",
        "citem_name": "采血室采血",
        "exedept_id": "582",
        "emg_sign": "0",
        "order_drask": "",
        "baby_sno": "",
        "drug_freq_code": "",
        "order_once_qunt": "",
        "order_total_qunt": "",
        "decoction_method_id": "",
        "drug_freq_mth": "",
        "drop_number": "",
        "lspcm_name": "血液",
        "fee_source": "1",
        "note": "",
        "bedside_surcharge": "",
        "exe_property": "",
        "qunt_times": "",
        "recipe_id": "",
        "high_value_sign": "",
        "batch": "",
        "drug_item": [
          {
            "fitem_id": "",
            "fitem_name": "",
            "dspry_id": "",
            "order_once_qunt": "",
            "order_total_qunt": "",
            "drug_aim": "",
            "drug_reason": "",
            "drop_number": "",
            "order_drask": "",
            "foot": "",
            "decoction": ""
          }
        ],
        "apply_item": [
          {
            "citem_type": "C",
            "citem_id": "259015",
            "citem_name": "(院外结果互认项目)全血细胞计数+五分类检测",
            "exedept_id": "466"
          },
          {
            "citem_type": "C",
            "citem_id": "14533",
            "citem_name": "采血室采血",
            "exedept_id": "582"
          }
        ],
        "part_info": [
          {
            "parts_name": null,
            "rmethod_name": ""
          }
        ],
        "blood_info": {
          "order_type": "",
          "lscmtd_id": "",
          "lscmtd_name": "",
          "exedept_id": "",
          "abo_blood": "",
          "rh_blood": ""
        },
        "surg_info": {
          "surg_type": "",
          "aneitem_id": "",
          "aneitem_name": "",
          "exedept_id": ""
        },
        "addition_item": [
          {
            "item_title": "",
            "item_value": "",
            "element_id": "",
            "required": ""
          }
        ]
      }
    ],
    "head": {
      "bizno": "S3112",
      "sysno": "JKPT",
      "tarno": "ZLHIS",
      "time": "2025-10-24 20:22:17",
      "action_no": "7387d1f3ae7c46d893f92c6d9ae3d03a"
    }
  }
}
错误: 调用检查结果API失败: 由于连接方在一段时间后没有正确答复或连接的主机没有反应，连接尝试失败。 (10.10.1.46:8077)
堆栈:    at MedicalReportSystem.Services.NewStandardService.CallInspectionFindingApi[TRequest](TRequest request)
   at MedicalReportSystem.Services.NewStandardService.ReportInspectionFindingAsync(JsonElement requestJson, String serviceMethod)
