[2025-11-03 22:37:06] 开始处理报告检查结果
请求参数: {
  "input": 
  {
    "req_info": 
	[
      {
        "orderId": 204778945,
        "dataCode": "002503070000000",
        "OrderID": 204778945,
        "patientSource": 1,
        "patientId": 4602748,
        "homePageId": "",
        "operationType": "02",
        "treatmentCategory": "C",
        "sno": 1,
        "order_expidate_type ": 1,
        "apply_time": "2025-09-28T08:35:00.000Z",
        "placer_name": "系统管理员",
        "apply_dept_id": 4645,
        "citem_id": 176724,
        "citem_name": "肾功4项",
        "exedept_id": 466,
        "emg_sign": 0,
        "order_drask": "",
        "fee_source": 1,
        "citem_type": "C",
        "parts_name": "血液",
        "rmethod_name": "",
        "lspcm_name": "血液",
        "citem_id_cj": 14533,
        "citem_name_cj": "采血室采血",
        "exedept_id_cj": 582,
		"bodyPart":"胸部",
		"method":"method",
		"rgst_no":"12891999"
      }
    ]
  }
} 
构建的检查结果请求: {
  "input": {
    "aud_key": "",
    "client_ip": "",
    "pv1_info": {
      "pid": "4602748",
      "pat_visit_type": "1",
      "pvid": "",
      "rgst_no": "12891999"
    },
    "apply_info": [
      {
        "order_class": "4",
        "sno": "1",
        "order_expidate_type": "1",
        "apply_time": "2025-09-28 08:35:00",
        "order_exe_time_start": "2025-11-03 23:38:54",
        "placer_name": "系统管理员",
        "apply_dept_id": "4645",
        "citem_id": "14533",
        "citem_name": "采血室采血",
        "exedept_id": "582",
        "emg_sign": "0",
        "order_drask": "",
        "baby_sno": "",
        "drug_freq_code": "",
        "order_once_qunt": "",
        "order_total_qunt": "",
        "decoction_method_id": "",
        "drug_freq_mth": "",
        "drop_number": "",
        "lspcm_name": "血液",
        "fee_source": "1",
        "note": "",
        "bedside_surcharge": "",
        "exe_property": "",
        "qunt_times": "",
        "recipe_id": "",
        "high_value_sign": "",
        "batch": "",
        "drug_item": [
          {
            "fitem_id": "",
            "fitem_name": "",
            "dspry_id": "",
            "order_once_qunt": "",
            "order_total_qunt": "",
            "drug_aim": "",
            "drug_reason": "",
            "drop_number": "",
            "order_drask": "",
            "foot": "",
            "decoction": ""
          }
        ],
        "apply_item": [
          {
            "citem_type": "C",
            "citem_id": "176724",
            "citem_name": "肾功4项",
            "exedept_id": "466"
          }
        ],
        "part_info": [
          {
            "parts_name": "胸部",
            "rmethod_name": "method"
          }
        ],
        "blood_info": {
          "order_type": "",
          "lscmtd_id": "",
          "lscmtd_name": "",
          "exedept_id": "",
          "abo_blood": "",
          "rh_blood": ""
        },
        "surg_info": {
          "surg_type": "",
          "aneitem_id": "",
          "aneitem_name": "",
          "exedept_id": ""
        },
        "addition_item": [
          {
            "item_title": "",
            "item_value": "",
            "element_id": "",
            "required": ""
          }
        ]
      }
    ],
    "head": {
      "bizno": "s3112",
      "sysno": "JKPT",
      "tarno": "ZLHIS",
      "time": "2025-11-03 22:40:01",
      "action_no": "7bdf8c66ae9b4c69b041494860e4dc33"
    }
  }
}
错误: 调用检查结果API失败: 由于连接方在一段时间后没有正确答复或连接的主机没有反应，连接尝试失败。 (10.10.1.46:8077)
堆栈:    at MedicalReportSystem.Services.NewStandardService.CallInspectionFindingApi[TRequest](TRequest request) in E:\MedicalReportSystem\MedicalReportSystem\Services\NewStandardService.cs:line 1187
   at MedicalReportSystem.Services.NewStandardService.ReportInspectionFindingAsync(JsonElement requestJson, String serviceMethod) in E:\MedicalReportSystem\MedicalReportSystem\Services\NewStandardService.cs:line 123
