[2025-11-07 23:41:39] 开始处理报告检查结果
请求参数: {
  "input": {
    "req_info": [
      {
        "orderId": 206249899,
        "dataCode": "002501010150000",
        "OrderID": 206249899,
        "pat_visit_type": 1,
        "patientId": 4602748,
        "homePageId": "",
        "operationType": "02",
        "treatmentCategory": "C",
        "sno": 1,
        "order_expidate_type ": 1,
        "apply_time": "2025-11-06T09:06:00.000Z",
        "placer_name": "\u7CFB\u7EDF\u7BA1\u7406\u5458",
        "apply_dept_id": 518,
        "citem_id": "259015",
        "citem_name": "(\u9662\u5916\u7ED3\u679C\u4E92\u8BA4\u9879)\u5168\u8840\u7EC6\u80DE\u8BA1\u6570\u002B\u4E94\u5206\u7C7B\u68C0\u6D4B",
        "exedept_id": "466",
        "emg_sign": 0,
        "order_drask": "",
        "fee_source": 1,
        "citem_type": "C",
        "parts_name": "\u8840\u6DB2",
        "rmethod_name": "",
        "lspcm_name": "\u8840\u6DB2",
        "rgst_no": "25000881787",
        "dg1_info": "1\u003CSPCOLS\u003E\u5934\u75DB\u003CSPCOLS\u003E\u003CSPCOLS\u003ER51.x00\u003CSPCOLS\u003E0\u003CSPCOLS\u003E151076",
        "citem_id_cj": 100162,
        "citem_name_cj": "\u68C0\u9A8C\u79D1\u91C7\u96C6",
        "exedept_id_cj": 466
      }
    ]
  }
} 
错误: 构建检查结果请求数据失败: The JSON value could not be converted to System.Nullable`1[System.Int32]. Path: $[0].exedept_id | LineNumber: 17 | BytePositionInLine: 27.
堆栈:    at MedicalReportSystem.Services.NewStandardService.BuildInspectionFindingRequest(JsonElement requestJson, String serviceMethod) in E:\MedicalReportSystem\MedicalReportSystem\Services\NewStandardService.cs:line 908
   at MedicalReportSystem.Services.NewStandardService.ReportInspectionFindingAsync(JsonElement requestJson, String serviceMethod) in E:\MedicalReportSystem\MedicalReportSystem\Services\NewStandardService.cs:line 111
[2025-11-07 23:44:17] 开始处理报告检查结果
请求参数: {
  "input": {
    "req_info": [
      {
        "orderId": 206249899,
        "dataCode": "002501010150000",
        "OrderID": 206249899,
        "pat_visit_type": 1,
        "patientId": 4602748,
        "homePageId": "",
        "operationType": "02",
        "treatmentCategory": "C",
        "sno": 1,
        "order_expidate_type ": 1,
        "apply_time": "2025-11-06T09:06:00.000Z",
        "placer_name": "\u7CFB\u7EDF\u7BA1\u7406\u5458",
        "apply_dept_id": 518,
        "citem_id": "259015",
        "citem_name": "(\u9662\u5916\u7ED3\u679C\u4E92\u8BA4\u9879)\u5168\u8840\u7EC6\u80DE\u8BA1\u6570\u002B\u4E94\u5206\u7C7B\u68C0\u6D4B",
        "exedept_id": "466",
        "emg_sign": 0,
        "order_drask": "",
        "fee_source": 1,
        "citem_type": "C",
        "parts_name": "\u8840\u6DB2",
        "rmethod_name": "",
        "lspcm_name": "\u8840\u6DB2",
        "rgst_no": "25000881787",
        "dg1_info": "1\u003CSPCOLS\u003E\u5934\u75DB\u003CSPCOLS\u003E\u003CSPCOLS\u003ER51.x00\u003CSPCOLS\u003E0\u003CSPCOLS\u003E151076",
        "citem_id_cj": 100162,
        "citem_name_cj": "\u68C0\u9A8C\u79D1\u91C7\u96C6",
        "exedept_id_cj": 466
      }
    ]
  }
} 
错误: 构建检查结果请求数据失败: The JSON value could not be converted to System.Nullable`1[System.Int32]. Path: $[0].exedept_id | LineNumber: 17 | BytePositionInLine: 27.
堆栈:    at MedicalReportSystem.Services.NewStandardService.BuildInspectionFindingRequest(JsonElement requestJson, String serviceMethod)
   at MedicalReportSystem.Services.NewStandardService.ReportInspectionFindingAsync(JsonElement requestJson, String serviceMethod)
[2025-11-07 23:44:46] 开始处理报告检查结果
请求参数: {
  "input": {
    "req_info": [
      {
        "orderId": 206249899,
        "dataCode": "002501010150000",
        "OrderID": 206249899,
        "pat_visit_type": 1,
        "patientId": 4602748,
        "homePageId": "",
        "operationType": "02",
        "treatmentCategory": "C",
        "sno": 1,
        "order_expidate_type ": 1,
        "apply_time": "2025-11-06T09:06:00.000Z",
        "placer_name": "\u7CFB\u7EDF\u7BA1\u7406\u5458",
        "apply_dept_id": 518,
        "citem_id": "259015",
        "citem_name": "(\u9662\u5916\u7ED3\u679C\u4E92\u8BA4\u9879)\u5168\u8840\u7EC6\u80DE\u8BA1\u6570\u002B\u4E94\u5206\u7C7B\u68C0\u6D4B",
        "exedept_id": "466",
        "emg_sign": 0,
        "order_drask": "",
        "fee_source": 1,
        "citem_type": "C",
        "parts_name": "\u8840\u6DB2",
        "rmethod_name": "",
        "lspcm_name": "\u8840\u6DB2",
        "rgst_no": "25000881787",
        "dg1_info": "1\u003CSPCOLS\u003E\u5934\u75DB\u003CSPCOLS\u003E\u003CSPCOLS\u003ER51.x00\u003CSPCOLS\u003E0\u003CSPCOLS\u003E151076",
        "citem_id_cj": 100162,
        "citem_name_cj": "\u68C0\u9A8C\u79D1\u91C7\u96C6",
        "exedept_id_cj": 466
      }
    ]
  }
} 
错误: 构建检查结果请求数据失败: The JSON value could not be converted to System.Nullable`1[System.Int32]. Path: $[0].exedept_id | LineNumber: 17 | BytePositionInLine: 27.
堆栈:    at MedicalReportSystem.Services.NewStandardService.BuildInspectionFindingRequest(JsonElement requestJson, String serviceMethod)
   at MedicalReportSystem.Services.NewStandardService.ReportInspectionFindingAsync(JsonElement requestJson, String serviceMethod)
[2025-11-07 23:45:31] 开始处理报告检查结果
请求参数: {
  "input": {
    "req_info": [
      {
        "orderId": 206249899,
        "dataCode": "002501010150000",
        "OrderID": 206249899,
        "pat_visit_type": 1,
        "patientId": 4602748,
        "homePageId": "",
        "operationType": "02",
        "treatmentCategory": "C",
        "sno": 1,
        "order_expidate_type ": 1,
        "apply_time": "2025-11-06T09:06:00.000Z",
        "placer_name": "\u7CFB\u7EDF\u7BA1\u7406\u5458",
        "apply_dept_id": 518,
        "citem_id": "259015",
        "citem_name": "(\u9662\u5916\u7ED3\u679C\u4E92\u8BA4\u9879)\u5168\u8840\u7EC6\u80DE\u8BA1\u6570\u002B\u4E94\u5206\u7C7B\u68C0\u6D4B",
        "exedept_id": 466,
        "emg_sign": 0,
        "order_drask": "",
        "fee_source": 1,
        "citem_type": "C",
        "parts_name": "\u8840\u6DB2",
        "rmethod_name": "",
        "lspcm_name": "\u8840\u6DB2",
        "rgst_no": "25000881787",
        "dg1_info": "1\u003CSPCOLS\u003E\u5934\u75DB\u003CSPCOLS\u003E\u003CSPCOLS\u003ER51.x00\u003CSPCOLS\u003E0\u003CSPCOLS\u003E151076",
        "citem_id_cj": 100162,
        "citem_name_cj": "\u68C0\u9A8C\u79D1\u91C7\u96C6",
        "exedept_id_cj": 466
      }
    ]
  }
} 
构建的检查结果请求: {
  "input": {
    "aud_key": "",
    "client_ip": "",
    "pv1_info": {
      "pid": "4602748",
      "pat_visit_type": "1",
      "pvid": "",
      "rgst_no": "25000881787"
    },
    "apply_info": [
      {
        "order_class": "4",
        "sno": "1",
        "order_expidate_type": "1",
        "apply_time": "2025-11-06 09:06:00",
        "order_exe_time_start": "2025-11-08 00:45:31",
        "placer_name": "系统管理员",
        "apply_dept_id": "518",
        "citem_id": "100162",
        "citem_name": "检验科采集",
        "exedept_id": "466",
        "emg_sign": "0",
        "order_drask": "",
        "baby_sno": "",
        "drug_freq_code": "",
        "order_once_qunt": "",
        "order_total_qunt": "",
        "decoction_method_id": "",
        "drug_freq_mth": "",
        "drop_number": "",
        "lspcm_name": "血液",
        "fee_source": "1",
        "note": "",
        "bedside_surcharge": "",
        "exe_property": "",
        "qunt_times": "",
        "recipe_id": "",
        "high_value_sign": "",
        "batch": "",
        "drug_item": [
          {
            "fitem_id": "",
            "fitem_name": "",
            "dspry_id": "",
            "order_once_qunt": "",
            "order_total_qunt": "",
            "drug_aim": "",
            "drug_reason": "",
            "drop_number": "",
            "order_drask": "",
            "foot": "",
            "decoction": ""
          }
        ],
        "apply_item": [
          {
            "citem_type": "C",
            "citem_id": "259015",
            "citem_name": "(院外结果互认项)全血细胞计数+五分类检测",
            "exedept_id": "466"
          }
        ],
        "part_info": [],
        "blood_info": {
          "order_type": "",
          "lscmtd_id": "",
          "lscmtd_name": "",
          "exedept_id": "",
          "abo_blood": "",
          "rh_blood": ""
        },
        "surg_info": {
          "surg_type": "",
          "aneitem_id": "",
          "aneitem_name": "",
          "exedept_id": ""
        },
        "addition_item": [
          {
            "item_title": "",
            "item_value": "",
            "element_id": "",
            "required": ""
          }
        ]
      }
    ],
    "head": {
      "bizno": "S3112",
      "sysno": "JKPT",
      "tarno": "ZLHIS",
      "time": "2025-11-07 23:45:31",
      "action_no": "9b193d088a964d879c44f048f48c9e3b"
    }
  }
}
错误: 调用检查结果API失败: 由于连接方在一段时间后没有正确答复或连接的主机没有反应，连接尝试失败。 (10.10.1.46:8077)
堆栈:    at MedicalReportSystem.Services.NewStandardService.CallInspectionFindingApi[TRequest](TRequest request)
   at MedicalReportSystem.Services.NewStandardService.ReportInspectionFindingAsync(JsonElement requestJson, String serviceMethod)
[2025-11-07 23:46:43] 开始处理报告检查结果
请求参数: {
  "input": {
    "req_info": [
      {
        "orderId": 99721911,
        "dataCode": "002501010150000",
        "OrderID": 99721911,
        "pat_visit_type": 1,
        "patientId": 1182207,
        "homePageId": "",
        "operationType": "02",
        "treatmentCategory": "C",
        "sno": 1,
        "order_expidate_type ": 1,
        "apply_time": "2025-11-07T01:45:00.000Z",
        "placer_name": "中联",
        "apply_dept_id": 4134,
        "citem_id": 4828,
        "citem_name": "全血细胞计数+五分类",
        "exedept_id": 101,
        "emg_sign": 0,
        "order_drask": "",
        "fee_source": 1,
        "citem_type": "C",
        "parts_name": "静脉血",
        "rmethod_name": "",
        "lspcm_name": "静脉血",
        "rgst_no": "25000397876",
        "dg1_info": "1<SPCOLS>咳嗽病<SPCOLS><SPCOLS>BNF010<SPCOLS>0<SPCOLS>40158",
        "citem_id_cj": 151351,
        "citem_name_cj": "科室采集(门诊)",
        "exedept_id_cj": 3432
      }
    ]
  }
} 
构建的检查结果请求: {
  "input": {
    "aud_key": "",
    "client_ip": "",
    "pv1_info": {
      "pid": "1182207",
      "pat_visit_type": "1",
      "pvid": "",
      "rgst_no": "25000397876"
    },
    "apply_info": [
      {
        "order_class": "4",
        "sno": "1",
        "order_expidate_type": "1",
        "apply_time": "2025-11-07 01:45:00",
        "order_exe_time_start": "2025-11-08 00:46:44",
        "placer_name": "中联",
        "apply_dept_id": "4134",
        "citem_id": "151351",
        "citem_name": "科室采集(门诊)",
        "exedept_id": "101",
        "emg_sign": "0",
        "order_drask": "",
        "baby_sno": "",
        "drug_freq_code": "",
        "order_once_qunt": "",
        "order_total_qunt": "",
        "decoction_method_id": "",
        "drug_freq_mth": "",
        "drop_number": "",
        "lspcm_name": "静脉血",
        "fee_source": "2",
        "note": "",
        "bedside_surcharge": "",
        "exe_property": "",
        "qunt_times": "",
        "recipe_id": "",
        "high_value_sign": "",
        "batch": "",
        "drug_item": [
          {
            "fitem_id": "",
            "fitem_name": "",
            "dspry_id": "",
            "order_once_qunt": "",
            "order_total_qunt": "",
            "drug_aim": "",
            "drug_reason": "",
            "drop_number": "",
            "order_drask": "",
            "foot": "",
            "decoction": ""
          }
        ],
        "apply_item": [
          {
            "citem_type": "C",
            "citem_id": "4828",
            "citem_name": "全血细胞计数+五分类",
            "exedept_id": "101"
          }
        ],
        "part_info": [],
        "blood_info": {
          "order_type": "",
          "lscmtd_id": "",
          "lscmtd_name": "",
          "exedept_id": "",
          "abo_blood": "",
          "rh_blood": ""
        },
        "surg_info": {
          "surg_type": "",
          "aneitem_id": "",
          "aneitem_name": "",
          "exedept_id": ""
        },
        "addition_item": [
          {
            "item_title": "",
            "item_value": "",
            "element_id": "",
            "required": ""
          }
        ]
      }
    ],
    "head": {
      "bizno": "S3112",
      "sysno": "JKPT",
      "tarno": "ZLHIS",
      "time": "2025-11-07 23:46:46",
      "action_no": "dfc0db6a31e846b088b7c220b780bc5a"
    }
  }
}
错误: 调用检查结果API失败: 由于连接方在一段时间后没有正确答复或连接的主机没有反应，连接尝试失败。 (10.10.1.46:8077)
堆栈:    at MedicalReportSystem.Services.NewStandardService.CallInspectionFindingApi[TRequest](TRequest request)
   at MedicalReportSystem.Services.NewStandardService.ReportInspectionFindingAsync(JsonElement requestJson, String serviceMethod)
